Archive member included to satisfy reference by file (symbol)

C:/devkitPro/libogc/lib/wii\libogc.a(console.o)
                              Power-Off.o (CON_Init)
C:/devkitPro/libogc/lib/wii\libogc.a(video.o)
                              C:/devkitPro/libogc/lib/wii\libogc.a(console.o) (VIDEO_GetCurrentFramebuffer)
C:/devkitPro/libogc/lib/wii\libogc.a(system.o)
                              c:/devkitpro/devkitppc/bin/../lib/gcc/powerpc-eabi/8.1.0/../../../../powerpc-eabi/lib/crtmain.o (SYS_PreMain)
C:/devkitPro/libogc/lib/wii\libogc.a(cond.o)
                              C:/devkitPro/libogc/lib/wii\libogc.a(system.o) (__lwp_cond_init)
C:/devkitPro/libogc/lib/wii\libogc.a(decrementer.o)
                              C:/devkitPro/libogc/lib/wii\libogc.a(system.o) (__decrementer_init)
C:/devkitPro/libogc/lib/wii\libogc.a(message.o)
                              C:/devkitPro/libogc/lib/wii\libogc.a(system.o) (__lwp_mqbox_init)
C:/devkitPro/libogc/lib/wii\libogc.a(si.o)
                              C:/devkitPro/libogc/lib/wii\libogc.a(video.o) (SI_RefreshSamplingRate)
C:/devkitPro/libogc/lib/wii\libogc.a(ipc.o)
                              C:/devkitPro/libogc/lib/wii\libogc.a(system.o) (__IPC_ClntInit)
C:/devkitPro/libogc/lib/wii\libogc.a(ogc_crt0.o)
                              (_start)
C:/devkitPro/libogc/lib/wii\libogc.a(console_font_8x16.o)
                              C:/devkitPro/libogc/lib/wii\libogc.a(console.o) (console_font_8x16)
C:/devkitPro/libogc/lib/wii\libogc.a(timesupp.o)
                              C:/devkitPro/libogc/lib/wii\libogc.a(system.o) (gettick)
C:/devkitPro/libogc/lib/wii\libogc.a(lock_supp.o)
                              C:/devkitPro/libogc/lib/wii\libogc.a(system.o) (__libogc_lock_init)
C:/devkitPro/libogc/lib/wii\libogc.a(newlibc.o)
                              C:/devkitPro/libogc/lib/wii\libogc.a(system.o) (__libc_init)
C:/devkitPro/libogc/lib/wii\libogc.a(usbgecko.o)
                              C:/devkitPro/libogc/lib/wii\libogc.a(console.o) (usb_isgeckoalive)
C:/devkitPro/libogc/lib/wii\libogc.a(sbrk.o)
                              C:/devkitPro/libogc/lib/wii\libogc.a(system.o) (__libogc_sbrk_r)
C:/devkitPro/libogc/lib/wii\libogc.a(malloc_lock.o)
                              C:/devkitPro/libogc/lib/wii\libogc.a(system.o) (__memlock_init)
C:/devkitPro/libogc/lib/wii\libogc.a(stm.o)
                              C:/devkitPro/libogc/lib/wii\libogc.a(system.o) (STM_RegisterEventHandler)
C:/devkitPro/libogc/lib/wii\libogc.a(ios.o)
                              C:/devkitPro/libogc/lib/wii\libogc.a(system.o) (__IOS_InitializeSubsystems)
C:/devkitPro/libogc/lib/wii\libogc.a(es.o)
                              C:/devkitPro/libogc/lib/wii\libogc.a(ios.o) (__ES_Init)
C:/devkitPro/libogc/lib/wii\libogc.a(argv.o)
                              C:/devkitPro/libogc/lib/wii\libogc.a(ogc_crt0.o) (__CheckARGV)
C:/devkitPro/libogc/lib/wii\libogc.a(conf.o)
                              C:/devkitPro/libogc/lib/wii\libogc.a(system.o) (CONF_Init)
C:/devkitPro/libogc/lib/wii\libogc.a(wiilaunch.o)
                              C:/devkitPro/libogc/lib/wii\libogc.a(system.o) (WII_Initialize)
C:/devkitPro/libogc/lib/wii\libogc.a(lwp_priority.o)
                              C:/devkitPro/libogc/lib/wii\libogc.a(system.o) (__lwp_priority_init)
C:/devkitPro/libogc/lib/wii\libogc.a(lwp_threadq.o)
                              C:/devkitPro/libogc/lib/wii\libogc.a(cond.o) (__lwp_threadqueue_init)
C:/devkitPro/libogc/lib/wii\libogc.a(lwp_threads.o)
                              C:/devkitPro/libogc/lib/wii\libogc.a(cond.o) (_thr_executing)
C:/devkitPro/libogc/lib/wii\libogc.a(lwp_messages.o)
                              C:/devkitPro/libogc/lib/wii\libogc.a(message.o) (__lwpmq_initialize)
C:/devkitPro/libogc/lib/wii\libogc.a(lwp.o)
                              C:/devkitPro/libogc/lib/wii\libogc.a(system.o) (__lwp_sysinit)
C:/devkitPro/libogc/lib/wii\libogc.a(lwp_handler.o)
                              C:/devkitPro/libogc/lib/wii\libogc.a(lwp_threads.o) (_cpu_context_save_fp)
C:/devkitPro/libogc/lib/wii\libogc.a(lwp_stack.o)
                              C:/devkitPro/libogc/lib/wii\libogc.a(lwp_threads.o) (__lwp_stack_allocate)
C:/devkitPro/libogc/lib/wii\libogc.a(lwp_mutex.o)
                              C:/devkitPro/libogc/lib/wii\libogc.a(malloc_lock.o) (__lwp_mutex_initialize)
C:/devkitPro/libogc/lib/wii\libogc.a(lwp_watchdog.o)
                              C:/devkitPro/libogc/lib/wii\libogc.a(system.o) (__lwp_watchdog_init)
C:/devkitPro/libogc/lib/wii\libogc.a(lwp_wkspace.o)
                              C:/devkitPro/libogc/lib/wii\libogc.a(ipc.o) (__wkspace_heap)
C:/devkitPro/libogc/lib/wii\libogc.a(lwp_objmgr.o)
                              C:/devkitPro/libogc/lib/wii\libogc.a(system.o) (__lwp_objmgr_initinfo)
C:/devkitPro/libogc/lib/wii\libogc.a(lwp_heap.o)
[...]
Memory Configuration

Name             Origin             Length             Attributes
*default*        0x0000000000000000 0xffffffffffffffff

Linker script and memory map

                0x0000000000003400                . = 0x3400

.stub
 *(.stub)
                0x0000000080004000                . = 0x80004000

.init           0x0000000080004000      0x194
 *crt0.o(*.init)
 .init          0x0000000080004000      0x170 C:/devkitPro/libogc/lib/wii\libogc.a(ogc_crt0.o)
                0x0000000080004000                _start
                0x0000000080004140                _memset
 *(.init)
 .init          0x0000000080004170        0xc c:/devkitpro/devkitppc/bin/../lib/gcc/powerpc-eabi/8.1.0/ecrti.o
                0x0000000080004170                __init
 .init          0x000000008000417c        0x4 c:/devkitpro/devkitppc/bin/../lib/gcc/powerpc-eabi/8.1.0/crtbegin.o
 .init          0x0000000080004180        0x4 c:/devkitpro/devkitppc/bin/../lib/gcc/powerpc-eabi/8.1.0/crtend.o
 .init          0x0000000080004184       0x10 c:/devkitpro/devkitppc/bin/../lib/gcc/powerpc-eabi/8.1.0/ecrtn.o

.rela.dyn       0x0000000080004194        0x0
 .rela.iplt     0x0000000080004194        0x0 C:/devkitPro/libogc/lib/wii\libogc.a(newlibc.o)

.plt
 *(.plt)

.interp
 *(.interp)

.hash
 *(.hash)

.dynsym
 *(.dynsym)

.dynstr
 *(.dynstr)

.gnu.version
 *(.gnu.version)

.gnu.version_d
 *(.gnu.version_d)

.gnu.version_r
 *(.gnu.version_r)

.rel.init
 *(.rel.init)

.rela.init      0x0000000080004194        0x0
 *(.rela.init)
 .rela.init     0x0000000080004194        0x0 C:/devkitPro/libogc/lib/wii\libogc.a(newlibc.o)

.rel.text
 *(.rel.text .rel.text.* .rel.gnu.linkonce.t.*)

.rela.text      0x0000000080004194        0x0
 *(.rela.text .rela.text.* .rela.gnu.linkonce.t.*)
 .rela.text.deregister_tm_clones
                0x0000000080004194        0x0 C:/devkitPro/libogc/lib/wii\libogc.a(newlibc.o)
 .rela.text.register_tm_clones
                0x0000000080004194        0x0 C:/devkitPro/libogc/lib/wii\libogc.a(newlibc.o)
 .rela.text.__do_global_dtors_aux
                0x0000000080004194        0x0 C:/devkitPro/libogc/lib/wii\libogc.a(newlibc.o)
 .rela.text.frame_dummy
                0x0000000080004194        0x0 C:/devkitPro/libogc/lib/wii\libogc.a(newlibc.o)
 .rela.text.__call_resetfuncs
                0x0000000080004194        0x0 C:/devkitPro/libogc/lib/wii\libogc.a(newlibc.o)
 .rela.text.__unlocksram
                0x0000000080004194        0x0 C:/devkitPro/libogc/lib/wii\libogc.a(newlibc.o)
 .rela.text.__sram_writecallback
                0x0000000080004194        0x0 C:/devkitPro/libogc/lib/wii\libogc.a(newlibc.o)
 .rela.text.__sys_alarmhandler
                0x0000000080004194        0x0 C:/devkitPro/libogc/lib/wii\libogc.a(newlibc.o)
 .rela.text.__sram_read.constprop.11
                0x0000000080004194        0x0 C:/devkitPro/libogc/lib/wii\libogc.a(newlibc.o)
 .rela.text.SYS_Init
                0x0000000080004194        0x0 C:/devkitPro/libogc/lib/wii\libogc.a(newlibc.o)
 .rela.text.SYS_SetAlarm
                0x0000000080004194        0x0 C:/devkitPro/libogc/lib/wii\libogc.a(newlibc.o)
 .rela.text.SYS_CancelAlarm
                0x0000000080004194        0x0 C:/devkitPro/libogc/lib/wii\libogc.a(newlibc.o)
 .rela.text.SYS_SetWirelessID
                0x0000000080004194        0x0 C:/devkitPro/libogc/lib/wii\libogc.a(newlibc.o)
 .rela.text.SYS_GetWirelessID
                0x0000000080004194        0x0 C:/devkitPro/libogc/lib/wii\libogc.a(newlibc.o)
 .rela.text.__lwp_cond_init
                0x0000000080004194        0x0 C:/devkitPro/libogc/lib/wii\libogc.a(newlibc.o)
 .rela.text.c_decrementer_handler
                0x0000000080004194        0x0 C:/devkitPro/libogc/lib/wii\libogc.a(newlibc.o)
 .rela.text.__lwp_mqbox_init
                0x0000000080004194        0x0 C:/devkitPro/libogc/lib/wii\libogc.a(newlibc.o)
 .rela.text.__ios_ioctlvformat_parse
                0x0000000080004194        0x0 C:/devkitPro/libogc/lib/wii\libogc.a(newlibc.o)
 .rela.text.__ioctlvfmtCB
                0x0000000080004194        0x0 C:/devkitPro/libogc/lib/wii\libogc.a(newlibc.o)
 .rela.text.IOS_IoctlvFormat
                0x0000000080004194        0x0 C:/devkitPro/libogc/lib/wii\libogc.a(newlibc.o)
 .rela.text.__libc_delete_hook
                0x0000000080004194        0x0 C:/devkitPro/libogc/lib/wii\libogc.a(newlibc.o)
 .rela.text.__libc_init
                0x0000000080004194        0x0 C:/devkitPro/libogc/lib/wii\libogc.a(newlibc.o)
 .rela.text.__CheckARGV
                0x0000000080004194        0x0 C:/devkitPro/libogc/lib/wii\libogc.a(newlibc.o)
 .rela.text.__lwp_priority_init
                0x0000000080004194        0x0 C:/devkitPro/libogc/lib/wii\libogc.a(newlibc.o)
 .rela.text.__lwp_threadqueue_enqueuefifo
                0x0000000080004194        0x0 C:/devkitPro/libogc/lib/wii\libogc.a(newlibc.o)
 .rela.text.__lwp_threadqueue_dequeuefifo
                0x0000000080004194        0x0 C:/devkitPro/libogc/lib/wii\libogc.a(newlibc.o)
 .rela.text.__lwp_threadqueue_enqueuepriority
                0x0000000080004194        0x0 C:/devkitPro/libogc/lib/wii\libogc.a(newlibc.o)
 .rela.text.__lwp_threadqueue_dequeuepriority
                0x0000000080004194        0x0 C:/devkitPro/libogc/lib/wii\libogc.a(newlibc.o)
 .rela.text.__lwp_threadqueue_enqueue
                0x0000000080004194        0x0 C:/devkitPro/libogc/lib/wii\libogc.a(newlibc.o)
 .rela.text.__lwp_threadqueue_extractfifo
                0x0000000080004194        0x0 C:/devkitPro/libogc/lib/wii\libogc.a(newlibc.o)
 .rela.text.__lwp_threadqueue_extractpriority
                0x0000000080004194        0x0 C:/devkitPro/libogc/lib/wii\libogc.a(newlibc.o)
 .rela.text.__lwp_thread_tickle_timeslice
                0x0000000080004194        0x0 C:/devkitPro/libogc/lib/wii\libogc.a(newlibc.o)
 .rela.text.__lwp_thread_setstate
                0x0000000080004194        0x0 C:/devkitPro/libogc/lib/wii\libogc.a(newlibc.o)
 .rela.text.__lwp_thread_changepriority
                0x0000000080004194        0x0 C:/devkitPro/libogc/lib/wii\libogc.a(newlibc.o)
 .rela.text.__lwp_thread_ready
                0x0000000080004194        0x0 C:/devkitPro/libogc/lib/wii\libogc.a(newlibc.o)
 .rela.text.__lwp_thread_init
                0x0000000080004194        0x0 C:/devkitPro/libogc/lib/wii\libogc.a(newlibc.o)
 .rela.text.__lwp_thread_close
                0x0000000080004194        0x0 C:/devkitPro/libogc/lib/wii\libogc.a(newlibc.o)
 .rela.text.__lwp_thread_closeall
                0x0000000080004194        0x0 C:/devkitPro/libogc/lib/wii\libogc.a(newlibc.o)
 .rela.text.__lwp_thread_startmultitasking
                0x0000000080004194        0x0 C:/devkitPro/libogc/lib/wii\libogc.a(newlibc.o)
 .rela.text.__lwp_thread_stopmultitasking
                0x0000000080004194        0x0 C:/devkitPro/libogc/lib/wii\libogc.a(newlibc.o)
 .rela.text.__lwp_thread_coreinit
                0x0000000080004194        0x0 C:/devkitPro/libogc/lib/wii\libogc.a(newlibc.o)
 .rela.text.__lwp_sysinit
                0x0000000080004194        0x0 C:/devkitPro/libogc/lib/wii\libogc.a(newlibc.o)
 .rela.text.LWP_InitQueue
                0x0000000080004194        0x0 C:/devkitPro/libogc/lib/wii\libogc.a(newlibc.o)
 .rela.text.LWP_CloseQueue
                0x0000000080004194        0x0 C:/devkitPro/libogc/lib/wii\libogc.a(newlibc.o)
 .rela.text.LWP_ThreadSleep
                0x0000000080004194        0x0 C:/devkitPro/libogc/lib/wii\libogc.a(newlibc.o)
 .rela.text.LWP_ThreadBroadcast
                0x0000000080004194        0x0 C:/devkitPro/libogc/lib/wii\libogc.a(newlibc.o)
 .rela.text.LWP_ThreadSignal
                0x0000000080004194        0x0 C:/devkitPro/libogc/lib/wii\libogc.a(newlibc.o)
 .rela.text.__lwp_stack_allocate
                0x0000000080004194        0x0 C:/devkitPro/libogc/lib/wii\libogc.a(newlibc.o)
 .rela.text.__lwp_stack_free
                0x0000000080004194        0x0 C:/devkitPro/libogc/lib/wii\libogc.a(newlibc.o)
 .rela.text.__lwp_watchdog_init
                0x0000000080004194        0x0 C:/devkitPro/libogc/lib/wii\libogc.a(newlibc.o)
 .rela.text.__lwp_wd_tickle
                0x0000000080004194        0x0 C:/devkitPro/libogc/lib/wii\libogc.a(newlibc.o)
 .rela.text.__lwp_wkspace_init
                0x0000000080004194        0x0 C:/devkitPro/libogc/lib/wii\libogc.a(newlibc.o)
 .rela.text.__lwp_objmgr_initinfo
                0x0000000080004194        0x0 C:/devkitPro/libogc/lib/wii\libogc.a(newlibc.o)
 .rela.text.__exception_init
                0x0000000080004194        0x0 C:/devkitPro/libogc/lib/wii\libogc.a(newlibc.o)
 .rela.text.__exception_close
                0x0000000080004194        0x0 C:/devkitPro/libogc/lib/wii\libogc.a(newlibc.o)
 .rela.text.__irq_init
                0x0000000080004194        0x0 C:/devkitPro/libogc/lib/wii\libogc.a(newlibc.o)
 .rela.text     0x0000000080004194        0x0 C:/devkitPro/libogc/lib/wii\libogc.a(newlibc.o)
 .rela.text.__lwp_sema_init
                0x0000000080004194        0x0 C:/devkitPro/libogc/lib/wii\libogc.a(newlibc.o)
 .rela.text.__lwp_mutex_locksupp.constprop.8
                0x0000000080004194        0x0 C:/devkitPro/libogc/lib/wii\libogc.a(newlibc.o)
 .rela.text.__lwp_mutex_init
                0x0000000080004194        0x0 C:/devkitPro/libogc/lib/wii\libogc.a(newlibc.o)
 .rela.text.LWP_MutexInit
                0x0000000080004194        0x0 C:/devkitPro/libogc/lib/wii\libogc.a(newlibc.o)
 .rela.text.LWP_MutexDestroy
                0x0000000080004194        0x0 C:/devkitPro/libogc/lib/wii\libogc.a(newlibc.o)
 .rela.text.LWP_MutexUnlock
                0x0000000080004194        0x0 C:/devkitPro/libogc/lib/wii\libogc.a(newlibc.o)
 .rela.text.__GX_InitRevBits
                0x0000000080004194        0x0 C:/devkitPro/libogc/lib/wii\libogc.a(newlibc.o)
 .rela.text.__GX_CleanGPFifo
                0x0000000080004194        0x0 C:/devkitPro/libogc/lib/wii\libogc.a(newlibc.o)
 .rela.text.__SetSURegs
                0x0000000080004194        0x0 C:/devkitPro/libogc/lib/wii\libogc.a(newlibc.o)
 .rela.text.__GX_Abort
                0x0000000080004194        0x0 C:/devkitPro/libogc/lib/wii\libogc.a(newlibc.o)
 .rela.text.__GX_SetDirtyState
                0x0000000080004194        0x0 C:/devkitPro/libogc/lib/wii\libogc.a(newlibc.o)
 .rela.text.GX_Flush
                0x0000000080004194        0x0 C:/devkitPro/libogc/lib/wii\libogc.a(newlibc.o)
 .rela.text.GX_AbortFrame
                0x0000000080004194        0x0 C:/devkitPro/libogc/lib/wii\libogc.a(newlibc.o)
 .rela.text.kprintf
                0x0000000080004194        0x0 C:/devkitPro/libogc/lib/wii\libogc.a(newlibc.o)

.rel.fini
 *(.rel.fini)

.rela.fini
 *(.rela.fini)

.rel.rodata
 *(.rel.rodata .rel.rodata.* .rel.gnu.linkonce.r.*)

.rela.rodata
 *(.rela.rodata .rela.rodata.* .rela.gnu.linkonce.r.*)

.rel.data
 *(.rel.data .rel.data.* .rel.gnu.linkonce.d.*)

.rela.data
 *(.rela.data .rela.data.* .rela.gnu.linkonce.d.*)

.rel.tdata
 *(.rel.tdata .rel.tdata.* .rel.gnu.linkonce.td.*)

.rela.tdata
 *(.rela.tdata .rela.tdata.* .rela.gnu.linkonce.td.*)

.rel.tbss
 *(.rel.tbss .rel.tbss.* .rel.gnu.linkonce.tb.*)

.rela.tbss
 *(.rela.tbss .rela.tbss.* .rela.gnu.linkonce.tb.*)

.rel.ctors
 *(.rel.ctors)

.rela.ctors
 *(.rela.ctors)

.rel.dtors
 *(.rel.dtors)

.rela.dtors
 *(.rela.dtors)

.rel.got
 *(.rel.got)

.rela.got
 *(.rela.got)

.rela.got1
 *(.rela.got1)

.rela.got2
 *(.rela.got2)

.rel.sdata
 *(.rel.sdata .rel.sdata.* .rel.gnu.linkonce.s.*)

.rela.sdata
 *(.rela.sdata .rela.sdata.* .rela.gnu.linkonce.s.*)

.rel.sbss
 *(.rel.sbss .rel.sbss.* .rel.gnu.linkonce.sb.*)

.rela.sbss
 *(.rela.sbss .rela.sbss.* .rel.gnu.linkonce.sb.*)

.rel.sdata2
 *(.rel.sdata2 .rel.sdata2.* .rel.gnu.linkonce.s2.*)

.rela.sdata2    0x0000000080004194        0x0
 *(.rela.sdata2 .rela.sdata2.* .rela.gnu.linkonce.s2.*)
 .rela.sdata2.__sys_inIPL
                0x0000000080004194        0x0 C:/devkitPro/libogc/lib/wii\libogc.a(newlibc.o)

.rel.sbss2
 *(.rel.sbss2 .rel.sbss2.* .rel.gnu.linkonce.sb2.*)

.rela.sbss2
 *(.rela.sbss2 .rela.sbss2.* .rela.gnu.linkonce.sb2.*)

.rel.bss
 *(.rel.bss .rel.bss.* .rel.gnu.linkonce.b.*)

.rela.bss
 *(.rela.bss .rela.bss.* .rela.gnu.linkonce.b.*)

.rel.plt
 *(.rel.plt)

.rela.plt
 *(.rela.plt)

.text           0x00000000800041a0    0x1f6c0
 *(.text)
 .text          0x00000000800041a0      0x44c C:/devkitPro/libogc/lib/wii\libogc.a(lwp_handler.o)
                0x00000000800041a0                _cpu_context_save_fp
                0x00000000800042e0                _cpu_context_restore_fp
                0x0000000080004420                _cpu_context_switch
                0x0000000080004500                _cpu_context_save
                0x0000000080004580                _cpu_context_restore
 .text          0x00000000800045ec      0x1ac C:/devkitPro/libogc/lib/wii\libogc.a(irq_handler.o)
                0x00000000800045ec                irq_exceptionhandler
 .text          0x0000000080004798      0x4f4 C:/devkitPro/libogc/lib/wii\libogc.a(cache_asm.o)
                0x0000000080004798                DCFlashInvalidate
                0x00000000800047ac                DCEnable
                0x00000000800047c0                DCDisable
                0x00000000800047d4                DCFreeze
                0x00000000800047e8                DCUnfreeze
                0x00000000800047fc                DCTouchLoad
                0x0000000080004804                DCBlockZero
                0x000000008000480c                DCBlockStore
                0x0000000080004814                DCBlockFlush
                0x000000008000481c                DCBlockInvalidate
                0x0000000080004824                DCInvalidateRange
                0x0000000080004854                DCFlushRange
                0x0000000080004888                DCStoreRange
                0x00000000800048bc                DCFlushRangeNoSync
                0x00000000800048ec                DCStoreRangeNoSync
                0x000000008000491c                DCZeroRange
                0x000000008000494c                DCTouchRange
                0x000000008000497c                ICInvalidateRange
                0x00000000800049b4                ICFlashInvalidate
                0x00000000800049c8                ICEnable
                0x00000000800049dc                ICDisable
                0x00000000800049f0                ICFreeze
                0x0000000080004a04                ICUnfreeze
                0x0000000080004a18                ICBlockInvalidate
                0x0000000080004a20                ICSync
                0x0000000080004a28                L2Init
                0x0000000080004a70                L2Enable
                0x0000000080004a8c                L2Disable
                0x0000000080004aa4                L2GlobalInvalidate
                0x0000000080004afc                __LCEnable
                0x0000000080004bc8                LCDisable
                0x0000000080004bf0                LCAllocOneTag
                0x0000000080004c04                LCAllocTags
                0x0000000080004c44                LCLoadBlocks
                0x0000000080004c68                LCStoreBlocks
 .text          0x0000000080004c8c      0x4a0 C:/devkitPro/libogc/lib/wii\libogc.a(system_asm.o)
                0x0000000080004c8c                __realmode
                0x0000000080004ca4                __configBATS
                0x0000000080004dd4                __InitFPRS
                0x0000000080004f00                __InitPS
                0x0000000080004f5c                __InitCache
                0x0000000080004fb4                __InitSystem
                0x000000008000503c                __flush_cache
                0x0000000080005070                __reset
                0x00000000800050e0                __InitBATS
                0x00000000800050fc                SYS_SwitchFiber
 .text          0x000000008000512c      0x1ac C:/devkitPro/libogc/lib/wii\libogc.a(decrementer_handler.o)
                0x000000008000512c                dec_exceptionhandler
 .text          0x00000000800052d8      0x35c C:/devkitPro/libogc/lib/wii\libogc.a(exception_handler.o)
                0x00000000800052d8                exceptionhandler_start
                0x0000000080005354                exceptionhandler_patch
                0x0000000080005388                exceptionhandler_end
                0x000000008000538c                default_exceptionhandler
                0x00000000800054bc                fpu_exceptionhandler
                0x0000000080005604                systemcallhandler_start
                0x0000000080005630                systemcallhandler_end
 .text          0x0000000080005634       0x48 c:/devkitpro/devkitppc/bin/../lib/gcc/powerpc-eabi/8.1.0\libgcc.a(eabi.o)
                0x0000000080005634                __eabi
 *(.text.*)
 .text.deregister_tm_clones
                0x000000008000567c       0x30 c:/devkitpro/devkitppc/bin/../lib/gcc/powerpc-eabi/8.1.0/crtbegin.o
 .text.register_tm_clones
                0x00000000800056ac       0x3c c:/devkitpro/devkitppc/bin/../lib/gcc/powerpc-eabi/8.1.0/crtbegin.o
 .text.__do_global_dtors_aux
                0x00000000800056e8       0xd0 c:/devkitpro/devkitppc/bin/../lib/gcc/powerpc-eabi/8.1.0/crtbegin.o
 .text.frame_dummy
                0x00000000800057b8       0x44 c:/devkitpro/devkitppc/bin/../lib/gcc/powerpc-eabi/8.1.0/crtbegin.o
 .text.__crtmain
                0x00000000800057fc       0x44 c:/devkitpro/devkitppc/bin/../lib/gcc/powerpc-eabi/8.1.0/../../../../powerpc-eabi/lib/crtmain.o
                0x0000000080005800                __crtmain
 .text.startup.main
                0x0000000080005840       0xc8 Power-Off.o
                0x0000000080005840                main
 .text.__console_clear_line
                0x0000000080005908       0x84 C:/devkitPro/libogc/lib/wii\libogc.a(console.o)
 .text.__console_clear
                0x000000008000598c       0x54 C:/devkitPro/libogc/lib/wii\libogc.a(console.o)
 .text.__console_write
                0x00000000800059e0      0x708 C:/devkitPro/libogc/lib/wii\libogc.a(console.o)
                0x00000000800059e0                __console_write
 .text.__console_init
                0x00000000800060e8      0x108 C:/devkitPro/libogc/lib/wii\libogc.a(console.o)
                0x00000000800060e8                __console_init
 .text.CON_Init
                0x00000000800061f0        0x4 C:/devkitPro/libogc/lib/wii\libogc.a(console.o)
                0x00000000800061f0                CON_Init
 .text.CON_EnableGecko
                0x00000000800061f4      0x100 C:/devkitPro/libogc/lib/wii\libogc.a(console.o)
                0x00000000800061f4                CON_EnableGecko
 .text.__VISendI2CData.constprop.2
                0x00000000800062f4      0x420 C:/devkitPro/libogc/lib/wii\libogc.a(video.o)
 .text.__VIWriteI2CRegister16
                0x0000000080006714       0x38 C:/devkitPro/libogc/lib/wii\libogc.a(video.o)
 .text.__VIWriteI2CRegister8
                0x000000008000674c       0x38 C:/devkitPro/libogc/lib/wii\libogc.a(video.o)
 .text.__VISetYUVSEL
                0x0000000080006784       0x68 C:/devkitPro/libogc/lib/wii\libogc.a(video.o)
 .text.VIDEO_Configure
                0x00000000800067ec      0x7c8 C:/devkitPro/libogc/lib/wii\libogc.a(video.o)
                0x00000000800067ec                VIDEO_Configure
 .text.VIDEO_WaitVSync
                0x0000000080006fb4       0x74 C:/devkitPro/libogc/lib/wii\libogc.a(video.o)
                0x0000000080006fb4                VIDEO_WaitVSync
 .text.VIDEO_SetFramebuffer
                0x0000000080007028      0x23c C:/devkitPro/libogc/lib/wii\libogc.a(video.o)
                0x0000000080007028                VIDEO_SetFramebuffer
 .text.VIDEO_SetNextFramebuffer
                0x0000000080007264      0x1b4 C:/devkitPro/libogc/lib/wii\libogc.a(video.o)
                0x0000000080007264                VIDEO_SetNextFramebuffer
 .text.VIDEO_Flush
                0x0000000080007418      0x134 C:/devkitPro/libogc/lib/wii\libogc.a(video.o)
                0x0000000080007418                VIDEO_Flush
 .text.VIDEO_SetBlack
                0x000000008000754c      0x144 C:/devkitPro/libogc/lib/wii\libogc.a(video.o)
                0x000000008000754c                VIDEO_SetBlack
 .text.VIDEO_GetCurrentTvMode
                0x0000000080007690       0x78 C:/devkitPro/libogc/lib/wii\libogc.a(video.o)
                0x0000000080007690                VIDEO_GetCurrentTvMode
 .text.__VIRetraceHandler
                0x0000000080007708      0x294 C:/devkitPro/libogc/lib/wii\libogc.a(video.o)
 .text.__VISetupEncoder
                0x000000008000799c      0x1fc C:/devkitPro/libogc/lib/wii\libogc.a(video.o)
 .text.VIDEO_Init
                0x0000000080007b98      0x4e0 C:/devkitPro/libogc/lib/wii\libogc.a(video.o)
                0x0000000080007b98                VIDEO_Init
 .text.VIDEO_GetPreferredMode
                0x0000000080008078      0x100 C:/devkitPro/libogc/lib/wii\libogc.a(video.o)
                0x0000000080008078                VIDEO_GetPreferredMode
 .text.VIDEO_GetCurrentLine
                0x0000000080008178       0x9c C:/devkitPro/libogc/lib/wii\libogc.a(video.o)
                0x0000000080008178                VIDEO_GetCurrentLine
 .text.VIDEO_GetFrameBufferSize
                0x0000000080008214       0x30 C:/devkitPro/libogc/lib/wii\libogc.a(video.o)
                0x0000000080008214                VIDEO_GetFrameBufferSize
 .text.__call_resetfuncs
                0x0000000080008244       0xbc C:/devkitPro/libogc/lib/wii\libogc.a(system.o)
 .text.__MEMInterruptHandler
                0x0000000080008300       0x14 C:/devkitPro/libogc/lib/wii\libogc.a(system.o)
 .text.__RSWDefaultHandler
                0x0000000080008314        0x4 C:/devkitPro/libogc/lib/wii\libogc.a(system.o)
 .text.__POWDefaultHandler
                0x0000000080008318        0x4 C:/devkitPro/libogc/lib/wii\libogc.a(system.o)
 .text.__sram_write
                0x000000008000831c      0x128 C:/devkitPro/libogc/lib/wii\libogc.a(system.o)
 .text.__unlocksram
                0x0000000080008444      0x17c C:/devkitPro/libogc/lib/wii\libogc.a(system.o)
 .text.__sram_writecallback
                0x00000000800085c0       0x54 C:/devkitPro/libogc/lib/wii\libogc.a(system.o)
 .text.__mem_onreset
                0x0000000080008614       0x48 C:/devkitPro/libogc/lib/wii\libogc.a(system.o)
 .text.__sys_alarmhandler
                0x000000008000865c       0xf0 C:/devkitPro/libogc/lib/wii\libogc.a(system.o)
 .text.__STMEventHandler
                0x000000008000874c      0x104 C:/devkitPro/libogc/lib/wii\libogc.a(system.o)
 .text.__sram_read.constprop.11
                0x0000000080008850      0x140 C:/devkitPro/libogc/lib/wii\libogc.a(system.o)
 .text.__SYS_GetIPCBufferLo
                0x0000000080008990        0x8 C:/devkitPro/libogc/lib/wii\libogc.a(system.o)
                0x0000000080008990                __SYS_GetIPCBufferLo
 .text.__SYS_GetIPCBufferHi
                0x0000000080008998        0x8 C:/devkitPro/libogc/lib/wii\libogc.a(system.o)
                0x0000000080008998                __SYS_GetIPCBufferHi
 .text.__SYS_PreInit
                0x00000000800089a0        0x4 C:/devkitPro/libogc/lib/wii\libogc.a(system.o)
                0x00000000800089a0                __SYS_PreInit
 .text.SYS_PreMain
                0x00000000800089a4       0x54 C:/devkitPro/libogc/lib/wii\libogc.a(system.o)
                0x00000000800089a4                SYS_PreMain
 .text.SYS_ResetButtonDown
                0x00000000800089f8       0x18 C:/devkitPro/libogc/lib/wii\libogc.a(system.o)
                0x00000000800089f8                SYS_ResetButtonDown
 .text.SYS_ResetSystem
                0x0000000080008a10      0x214 C:/devkitPro/libogc/lib/wii\libogc.a(system.o)
                0x0000000080008a10                SYS_ResetSystem
 .text.__reload
                0x0000000080008c24       0x80 C:/devkitPro/libogc/lib/wii\libogc.a(system.o)
                0x0000000080008c24                __reload
 .text.__libogc_exit
                0x0000000080008ca4       0x88 C:/devkitPro/libogc/lib/wii\libogc.a(system.o)
                0x0000000080008ca4                __libogc_exit
 .text.SYS_RegisterResetFunc
                0x0000000080008d2c       0x78 C:/devkitPro/libogc/lib/wii\libogc.a(system.o)
                0x0000000080008d2c                SYS_RegisterResetFunc
 .text.SYS_Init
                0x0000000080008da4      0x690 C:/devkitPro/libogc/lib/wii\libogc.a(system.o)
                0x0000000080008da4                SYS_Init
 .text.SYS_SetArena1Lo
                0x0000000080009434       0x38 C:/devkitPro/libogc/lib/wii\libogc.a(system.o)
                0x0000000080009434                SYS_SetArena1Lo
 .text.SYS_GetArena1Lo
                0x000000008000946c       0x38 C:/devkitPro/libogc/lib/wii\libogc.a(system.o)
                0x000000008000946c                SYS_GetArena1Lo
 .text.SYS_GetArena1Hi
                0x00000000800094a4       0x38 C:/devkitPro/libogc/lib/wii\libogc.a(system.o)
                0x00000000800094a4                SYS_GetArena1Hi
 .text.SYS_SetArena2Lo
                0x00000000800094dc       0x38 C:/devkitPro/libogc/lib/wii\libogc.a(system.o)
                0x00000000800094dc                SYS_SetArena2Lo
 .text.SYS_GetArena2Lo
                0x0000000080009514       0x38 C:/devkitPro/libogc/lib/wii\libogc.a(system.o)
                0x0000000080009514                SYS_GetArena2Lo
 .text.SYS_GetArena2Hi
                0x000000008000954c       0x38 C:/devkitPro/libogc/lib/wii\libogc.a(system.o)
                0x000000008000954c                SYS_GetArena2Hi
 .text.SYS_AllocateFramebuffer
                0x0000000080009584       0x28 C:/devkitPro/libogc/lib/wii\libogc.a(system.o)
                0x0000000080009584                SYS_AllocateFramebuffer
 .text.SYS_CreateAlarm
                0x00000000800095ac      0x120 C:/devkitPro/libogc/lib/wii\libogc.a(system.o)
                0x00000000800095ac                SYS_CreateAlarm
 .text.SYS_SetAlarm
                0x00000000800096cc      0x1d0 C:/devkitPro/libogc/lib/wii\libogc.a(system.o)
                0x00000000800096cc                SYS_SetAlarm
 .text.SYS_CancelAlarm
                0x000000008000989c       0xd0 C:/devkitPro/libogc/lib/wii\libogc.a(system.o)
                0x000000008000989c                SYS_CancelAlarm
 .text.SYS_SetWirelessID
                0x000000008000996c       0x94 C:/devkitPro/libogc/lib/wii\libogc.a(system.o)
                0x000000008000996c                SYS_SetWirelessID
 .text.SYS_GetWirelessID
                0x0000000080009a00       0xa0 C:/devkitPro/libogc/lib/wii\libogc.a(system.o)
                0x0000000080009a00                SYS_GetWirelessID
 .text.SYS_GetHollywoodRevision
                0x0000000080009aa0       0x3c C:/devkitPro/libogc/lib/wii\libogc.a(system.o)
                0x0000000080009aa0                SYS_GetHollywoodRevision
 .text.__lwp_cond_init
                0x0000000080009adc       0x14 C:/devkitPro/libogc/lib/wii\libogc.a(cond.o)
                0x0000000080009adc                __lwp_cond_init
 .text.__decrementer_init
                0x0000000080009af0        0x4 C:/devkitPro/libogc/lib/wii\libogc.a(decrementer.o)
                0x0000000080009af0                __decrementer_init
 .text.c_decrementer_handler
                0x0000000080009af4        0xc C:/devkitPro/libogc/lib/wii\libogc.a(decrementer.o)
                0x0000000080009af4                c_decrementer_handler
 .text.__lwp_mqbox_init
                0x0000000080009b00       0x14 C:/devkitPro/libogc/lib/wii\libogc.a(message.o)
                0x0000000080009b00                __lwp_mqbox_init
 .text.__si_transfer
                0x0000000080009b14      0x160 C:/devkitPro/libogc/lib/wii\libogc.a(si.o)
 .text.__si_alarmhandler
                0x0000000080009c74       0xe0 C:/devkitPro/libogc/lib/wii\libogc.a(si.o)
 .text.__si_completetransfer
                0x0000000080009d54      0x1d4 C:/devkitPro/libogc/lib/wii\libogc.a(si.o)
 .text.__si_transfernext
                0x0000000080009f28       0xe8 C:/devkitPro/libogc/lib/wii\libogc.a(si.o)
 .text.SI_Busy  0x000000008000a010       0x18 C:/devkitPro/libogc/lib/wii\libogc.a(si.o)
                0x000000008000a010                SI_Busy
 .text.SI_IsChanBusy
                0x000000008000a028       0x38 C:/devkitPro/libogc/lib/wii\libogc.a(si.o)
                0x000000008000a028                SI_IsChanBusy
 .text.SI_SetXY
                0x000000008000a060       0x64 C:/devkitPro/libogc/lib/wii\libogc.a(si.o)
                0x000000008000a060                SI_SetXY
 .text.SI_EnablePolling
                0x000000008000a0c4       0x84 C:/devkitPro/libogc/lib/wii\libogc.a(si.o)
                0x000000008000a0c4                SI_EnablePolling
 .text.SI_DisablePolling
                0x000000008000a148       0x58 C:/devkitPro/libogc/lib/wii\libogc.a(si.o)
                0x000000008000a148                SI_DisablePolling
 .text.SI_SetSamplingRate
                0x000000008000a1a0       0xe4 C:/devkitPro/libogc/lib/wii\libogc.a(si.o)
                0x000000008000a1a0                SI_SetSamplingRate
 .text.SI_RefreshSamplingRate
                0x000000008000a284        0x8 C:/devkitPro/libogc/lib/wii\libogc.a(si.o)
                0x000000008000a284                SI_RefreshSamplingRate
 .text.SI_GetStatus
                0x000000008000a28c       0x78 C:/devkitPro/libogc/lib/wii\libogc.a(si.o)
                0x000000008000a28c                SI_GetStatus
 .text.SI_GetResponseRaw
                0x000000008000a304       0x98 C:/devkitPro/libogc/lib/wii\libogc.a(si.o)
                0x000000008000a304                SI_GetResponseRaw
 .text.SI_GetResponse
                0x000000008000a39c       0xb8 C:/devkitPro/libogc/lib/wii\libogc.a(si.o)
                0x000000008000a39c                SI_GetResponse
 .text.SI_SetCommand
                0x000000008000a454       0x10 C:/devkitPro/libogc/lib/wii\libogc.a(si.o)
                0x000000008000a454                SI_SetCommand
 .text.SI_Transfer
                0x000000008000a464      0x270 C:/devkitPro/libogc/lib/wii\libogc.a(si.o)
                0x000000008000a464                SI_Transfer
 .text.__si_gettypecallback
                0x000000008000a6d4      0x2d4 C:/devkitPro/libogc/lib/wii\libogc.a(si.o)
 .text.__si_interrupthandler
                0x000000008000a9a8      0x270 C:/devkitPro/libogc/lib/wii\libogc.a(si.o)
 .text.SI_GetType
                0x000000008000ac18      0x1d8 C:/devkitPro/libogc/lib/wii\libogc.a(si.o)
                0x000000008000ac18                SI_GetType
 .text.SI_GetTypeAsync
                0x000000008000adf0      0x138 C:/devkitPro/libogc/lib/wii\libogc.a(si.o)
                0x000000008000adf0                SI_GetTypeAsync
 .text.SI_EnablePollingInterrupt
                0x000000008000af28       0xac C:/devkitPro/libogc/lib/wii\libogc.a(si.o)
                0x000000008000af28                SI_EnablePollingInterrupt
 .text.SI_UnregisterPollingHandler
                0x000000008000afd4       0xdc C:/devkitPro/libogc/lib/wii\libogc.a(si.o)
                0x000000008000afd4                SI_UnregisterPollingHandler
 .text.__si_init
                0x000000008000b0b0       0xf8 C:/devkitPro/libogc/lib/wii\libogc.a(si.o)
                0x000000008000b0b0                __si_init
 .text.__ios_ioctlvformat_parse
                0x000000008000b1a8      0x80c C:/devkitPro/libogc/lib/wii\libogc.a(ipc.o)
 .text.__ioctlvfmtCB
                0x000000008000b9b4      0x15c C:/devkitPro/libogc/lib/wii\libogc.a(ipc.o)
 .text.__ipc_sendrequest.part.0
                0x000000008000bb10       0xe4 C:/devkitPro/libogc/lib/wii\libogc.a(ipc.o)
 .text.__ipc_interrupthandler
                0x000000008000bbf4      0x354 C:/devkitPro/libogc/lib/wii\libogc.a(ipc.o)
 .text.__ipc_syncrequest
                0x000000008000bf48       0xe8 C:/devkitPro/libogc/lib/wii\libogc.a(ipc.o)
 .text.__ipc_asyncrequest
                0x000000008000c030      0x14c C:/devkitPro/libogc/lib/wii\libogc.a(ipc.o)
 .text.__IPC_Init.part.2
                0x000000008000c17c       0x3c C:/devkitPro/libogc/lib/wii\libogc.a(ipc.o)
 .text.iosCreateHeap
                0x000000008000c1b8      0x130 C:/devkitPro/libogc/lib/wii\libogc.a(ipc.o)
                0x000000008000c1b8                iosCreateHeap
 .text.__IPC_ClntInit
                0x000000008000c2e8       0xa4 C:/devkitPro/libogc/lib/wii\libogc.a(ipc.o)
                0x000000008000c2e8                __IPC_ClntInit
 .text.IOS_Open
                0x000000008000c38c      0x110 C:/devkitPro/libogc/lib/wii\libogc.a(ipc.o)
                0x000000008000c38c                IOS_Open
 .text.IOS_Close
                0x000000008000c49c       0xf0 C:/devkitPro/libogc/lib/wii\libogc.a(ipc.o)
                0x000000008000c49c                IOS_Close
 .text.IOS_Read
                0x000000008000c58c      0x10c C:/devkitPro/libogc/lib/wii\libogc.a(ipc.o)
                0x000000008000c58c                IOS_Read
 .text.IOS_Write
                0x000000008000c698      0x10c C:/devkitPro/libogc/lib/wii\libogc.a(ipc.o)
                0x000000008000c698                IOS_Write
 .text.IOS_Ioctl
                0x000000008000c7a4      0x158 C:/devkitPro/libogc/lib/wii\libogc.a(ipc.o)
                0x000000008000c7a4                IOS_Ioctl
 .text.IOS_IoctlAsync
                0x000000008000c8fc      0x148 C:/devkitPro/libogc/lib/wii\libogc.a(ipc.o)
                0x000000008000c8fc                IOS_IoctlAsync
 .text.IOS_Ioctlv
                0x000000008000ca44      0x1ec C:/devkitPro/libogc/lib/wii\libogc.a(ipc.o)
                0x000000008000ca44                IOS_Ioctlv
 .text.IOS_IoctlvFormat
                0x000000008000cc30      0x170 C:/devkitPro/libogc/lib/wii\libogc.a(ipc.o)
                0x000000008000cc30                IOS_IoctlvFormat
 .text.IOS_IoctlvReboot
                0x000000008000cda0      0x1f0 C:/devkitPro/libogc/lib/wii\libogc.a(ipc.o)
                0x000000008000cda0                IOS_IoctlvReboot
 .text.__time_exi_unlock
                0x000000008000cf90       0x28 C:/devkitPro/libogc/lib/wii\libogc.a(timesupp.o)
 .text.__getrtc
                0x000000008000cfb8      0x120 C:/devkitPro/libogc/lib/wii\libogc.a(timesupp.o)
 .text.gettick  0x000000008000d0d8        0x8 C:/devkitPro/libogc/lib/wii\libogc.a(timesupp.o)
                0x000000008000d0d8                gettick
 .text.gettime  0x000000008000d0e0       0x18 C:/devkitPro/libogc/lib/wii\libogc.a(timesupp.o)
                0x000000008000d0e0                gettime
 .text.diff_usec
                0x000000008000d0f8       0x88 C:/devkitPro/libogc/lib/wii\libogc.a(timesupp.o)
                0x000000008000d0f8                diff_usec
 .text.__timesystem_init
                0x000000008000d180       0x1c C:/devkitPro/libogc/lib/wii\libogc.a(timesupp.o)
                0x000000008000d180                __timesystem_init
 .text.udelay   0x000000008000d19c       0xac C:/devkitPro/libogc/lib/wii\libogc.a(timesupp.o)
                0x000000008000d19c                udelay
 .text.time     0x000000008000d248      0x170 C:/devkitPro/libogc/lib/wii\libogc.a(timesupp.o)
                0x000000008000d248                time
 .text.__libogc_gettod_r
                0x000000008000d3b8       0x8c C:/devkitPro/libogc/lib/wii\libogc.a(timesupp.o)
                0x000000008000d3b8                __libogc_gettod_r
 .text.__libogc_lock_init
                0x000000008000d444       0x78 C:/devkitPro/libogc/lib/wii\libogc.a(lock_supp.o)
                0x000000008000d444                __libogc_lock_init
 .text.__libogc_lock_close
                0x000000008000d4bc       0x64 C:/devkitPro/libogc/lib/wii\libogc.a(lock_supp.o)
                0x000000008000d4bc                __libogc_lock_close
 .text.__libogc_lock_acquire
                0x000000008000d520       0x20 C:/devkitPro/libogc/lib/wii\libogc.a(lock_supp.o)
                0x000000008000d520                __libogc_lock_acquire
 .text.__libogc_lock_release
                0x000000008000d540       0x20 C:/devkitPro/libogc/lib/wii\libogc.a(lock_supp.o)
                0x000000008000d540                __libogc_lock_release
 .text.__libc_create_hook
                0x000000008000d560       0x10 C:/devkitPro/libogc/lib/wii\libogc.a(newlibc.o)
                0x000000008000d560                __libc_create_hook
 .text.__libc_start_hook
                0x000000008000d570       0x9c C:/devkitPro/libogc/lib/wii\libogc.a(newlibc.o)
                0x000000008000d570                __libc_start_hook
 .text.__libc_delete_hook
                0x000000008000d60c       0xfc C:/devkitPro/libogc/lib/wii\libogc.a(newlibc.o)
                0x000000008000d60c                __libc_delete_hook
 .text.__libc_init
                0x000000008000d708       0xb0 C:/devkitPro/libogc/lib/wii\libogc.a(newlibc.o)
                0x000000008000d708                __libc_init
 .text.__usbgecko_exi_unlock
                0x000000008000d7b8       0x30 C:/devkitPro/libogc/lib/wii\libogc.a(usbgecko.o)
 .text.__usb_sendbyte
                0x000000008000d7e8       0xc8 C:/devkitPro/libogc/lib/wii\libogc.a(usbgecko.o)
 .text.__usb_checksend
                0x000000008000d8b0       0xc0 C:/devkitPro/libogc/lib/wii\libogc.a(usbgecko.o)
                0x000000008000d8b0                __usb_checksend
 .text.usb_isgeckoalive
                0x000000008000d970      0x1b8 C:/devkitPro/libogc/lib/wii\libogc.a(usbgecko.o)
                0x000000008000d970                usb_isgeckoalive
 .text.usb_sendbuffer_ex
                0x000000008000db28      0x190 C:/devkitPro/libogc/lib/wii\libogc.a(usbgecko.o)
                0x000000008000db28                usb_sendbuffer_ex
 .text.usb_sendbuffer
                0x000000008000dcb8        0x8 C:/devkitPro/libogc/lib/wii\libogc.a(usbgecko.o)
                0x000000008000dcb8                usb_sendbuffer
 .text.usb_sendbuffer_safe_ex
                0x000000008000dcc0      0x1a0 C:/devkitPro/libogc/lib/wii\libogc.a(usbgecko.o)
                0x000000008000dcc0                usb_sendbuffer_safe_ex
 .text.usb_sendbuffer_safe
                0x000000008000de60        0x8 C:/devkitPro/libogc/lib/wii\libogc.a(usbgecko.o)
                0x000000008000de60                usb_sendbuffer_safe
 .text.__libogc_sbrk_r
                0x000000008000de68      0x29c C:/devkitPro/libogc/lib/wii\libogc.a(sbrk.o)
                0x000000008000de68                __libogc_sbrk_r
 .text.__memlock_init
                0x000000008000e104       0x7c C:/devkitPro/libogc/lib/wii\libogc.a(malloc_lock.o)
                0x000000008000e104                __memlock_init
 .text.__libogc_malloc_lock
                0x000000008000e180      0x1f8 C:/devkitPro/libogc/lib/wii\libogc.a(malloc_lock.o)
                0x000000008000e180                __libogc_malloc_lock
 .text.__libogc_malloc_unlock
                0x000000008000e378       0x64 C:/devkitPro/libogc/lib/wii\libogc.a(malloc_lock.o)
                0x000000008000e378                __libogc_malloc_unlock
 .text.__STM_SetEventHook
                0x000000008000e3dc       0xb0 C:/devkitPro/libogc/lib/wii\libogc.a(stm.o)
                0x000000008000e3dc                __STM_SetEventHook
 .text.__STM_Init
                0x000000008000e48c       0x94 C:/devkitPro/libogc/lib/wii\libogc.a(stm.o)
                0x000000008000e48c                __STM_Init
 .text.__STMEventHandler
                0x000000008000e520       0x60 C:/devkitPro/libogc/lib/wii\libogc.a(stm.o)
 .text.__STM_ReleaseEventHook
                0x000000008000e580       0x80 C:/devkitPro/libogc/lib/wii\libogc.a(stm.o)
                0x000000008000e580                __STM_ReleaseEventHook
 .text.__STM_Close
                0x000000008000e600       0xac C:/devkitPro/libogc/lib/wii\libogc.a(stm.o)
                0x000000008000e600                __STM_Close
 .text.STM_RegisterEventHandler
                0x000000008000e6ac       0x10 C:/devkitPro/libogc/lib/wii\libogc.a(stm.o)
                0x000000008000e6ac                STM_RegisterEventHandler
 .text.STM_ShutdownToStandby
                0x000000008000e6bc       0x50 C:/devkitPro/libogc/lib/wii\libogc.a(stm.o)
                0x000000008000e6bc                STM_ShutdownToStandby
 .text.STM_ShutdownToIdle
                0x000000008000e70c       0x70 C:/devkitPro/libogc/lib/wii\libogc.a(stm.o)
                0x000000008000e70c                STM_ShutdownToIdle
 .text.STM_SetLedMode
                0x000000008000e77c       0x40 C:/devkitPro/libogc/lib/wii\libogc.a(stm.o)
                0x000000008000e77c                STM_SetLedMode
 .text.STM_RebootSystem
                0x000000008000e7bc       0x50 C:/devkitPro/libogc/lib/wii\libogc.a(stm.o)
                0x000000008000e7bc                STM_RebootSystem
 .text.__IOS_InitializeSubsystems
                0x000000008000e80c       0x48 C:/devkitPro/libogc/lib/wii\libogc.a(ios.o)
                0x000000008000e80c                __IOS_InitializeSubsystems
 .text.__IOS_ShutdownSubsystems
                0x000000008000e854       0x48 C:/devkitPro/libogc/lib/wii\libogc.a(ios.o)
                0x000000008000e854                __IOS_ShutdownSubsystems
 .text.__IOS_LoadStartupIOS
                0x000000008000e89c        0x8 C:/devkitPro/libogc/lib/wii\libogc.a(ios.o)
                0x000000008000e89c                __IOS_LoadStartupIOS
 .text._ES_fillstat
                0x000000008000e8a4       0xe8 C:/devkitPro/libogc/lib/wii\libogc.a(es.o)
 .text._ES_fstat_r
                0x000000008000e98c       0x8c C:/devkitPro/libogc/lib/wii\libogc.a(es.o)
 .text.__ES_Close.part.0
                0x000000008000ea18       0x44 C:/devkitPro/libogc/lib/wii\libogc.a(es.o)
 .text.__ES_Init
                0x000000008000ea5c       0x78 C:/devkitPro/libogc/lib/wii\libogc.a(es.o)
                0x000000008000ea5c                __ES_Init
 .text.__ES_Close
                0x000000008000ead4       0x18 C:/devkitPro/libogc/lib/wii\libogc.a(es.o)
                0x000000008000ead4                __ES_Close
 .text.ES_GetTitleID
                0x000000008000eaec       0x80 C:/devkitPro/libogc/lib/wii\libogc.a(es.o)
                0x000000008000eaec                ES_GetTitleID
 .text.ES_LaunchTitle
                0x000000008000eb6c       0xb4 C:/devkitPro/libogc/lib/wii\libogc.a(es.o)
                0x000000008000eb6c                ES_LaunchTitle
 .text.ES_GetNumTicketViews
                0x000000008000ec20       0x84 C:/devkitPro/libogc/lib/wii\libogc.a(es.o)
                0x000000008000ec20                ES_GetNumTicketViews
 .text.ES_GetTicketViews
                0x000000008000eca4       0x8c C:/devkitPro/libogc/lib/wii\libogc.a(es.o)
                0x000000008000eca4                ES_GetTicketViews
 .text.ES_GetStoredTMDSize
                0x000000008000ed30       0x84 C:/devkitPro/libogc/lib/wii\libogc.a(es.o)
                0x000000008000ed30                ES_GetStoredTMDSize
 .text.ES_GetStoredTMD
                0x000000008000edb4       0x90 C:/devkitPro/libogc/lib/wii\libogc.a(es.o)
                0x000000008000edb4                ES_GetStoredTMD
 .text._ES_decodepath
                0x000000008000ee44      0x394 C:/devkitPro/libogc/lib/wii\libogc.a(es.o)
 .text._ES_stat_r
                0x000000008000f1d8       0x5c C:/devkitPro/libogc/lib/wii\libogc.a(es.o)
 .text.ES_OpenContent
                0x000000008000f234       0x30 C:/devkitPro/libogc/lib/wii\libogc.a(es.o)
                0x000000008000f234                ES_OpenContent
 .text.ES_OpenTitleContent
                0x000000008000f264       0x70 C:/devkitPro/libogc/lib/wii\libogc.a(es.o)
                0x000000008000f264                ES_OpenTitleContent
 .text._ES_open_r
                0x000000008000f2d4      0x13c C:/devkitPro/libogc/lib/wii\libogc.a(es.o)
 .text.ES_ReadContent
                0x000000008000f410       0x6c C:/devkitPro/libogc/lib/wii\libogc.a(es.o)
                0x000000008000f410                ES_ReadContent
 .text._ES_read_r
                0x000000008000f47c      0x1c8 C:/devkitPro/libogc/lib/wii\libogc.a(es.o)
 .text.ES_SeekContent
                0x000000008000f644       0x4c C:/devkitPro/libogc/lib/wii\libogc.a(es.o)
                0x000000008000f644                ES_SeekContent
 .text._ES_seek_r
                0x000000008000f690       0xb8 C:/devkitPro/libogc/lib/wii\libogc.a(es.o)
 .text.ES_CloseContent
                0x000000008000f748       0x40 C:/devkitPro/libogc/lib/wii\libogc.a(es.o)
                0x000000008000f748                ES_CloseContent
 .text._ES_close_r
                0x000000008000f788       0x8c C:/devkitPro/libogc/lib/wii\libogc.a(es.o)
 .text.__CheckARGV
                0x000000008000f814       0x80 C:/devkitPro/libogc/lib/wii\libogc.a(argv.o)
                0x000000008000f814                __CheckARGV
 .text.CONF_Init
                0x000000008000f894      0x150 C:/devkitPro/libogc/lib/wii\libogc.a(conf.o)
                0x000000008000f894                CONF_Init
 .text.__CONF_GetTxt
                0x000000008000f9e4      0x1a0 C:/devkitPro/libogc/lib/wii\libogc.a(conf.o)
                0x000000008000f9e4                __CONF_GetTxt
 .text.__CONF_Find
                0x000000008000fb84       0xfc C:/devkitPro/libogc/lib/wii\libogc.a(conf.o)
                0x000000008000fb84                __CONF_Find
 .text.CONF_GetLength
                0x000000008000fc80      0x12c C:/devkitPro/libogc/lib/wii\libogc.a(conf.o)
                0x000000008000fc80                CONF_GetLength
 .text.CONF_Get
                0x000000008000fdac      0x134 C:/devkitPro/libogc/lib/wii\libogc.a(conf.o)
                0x000000008000fdac                CONF_Get
 .text.CONF_GetShutdownMode
                0x000000008000fee0       0x54 C:/devkitPro/libogc/lib/wii\libogc.a(conf.o)
                0x000000008000fee0                CONF_GetShutdownMode
 .text.CONF_GetIdleLedMode
                0x000000008000ff34       0x54 C:/devkitPro/libogc/lib/wii\libogc.a(conf.o)
                0x000000008000ff34                CONF_GetIdleLedMode
 .text.CONF_GetProgressiveScan
                0x000000008000ff88       0x54 C:/devkitPro/libogc/lib/wii\libogc.a(conf.o)
                0x000000008000ff88                CONF_GetProgressiveScan
 .text.CONF_GetEuRGB60
                0x000000008000ffdc       0x54 C:/devkitPro/libogc/lib/wii\libogc.a(conf.o)
                0x000000008000ffdc                CONF_GetEuRGB60
 .text.CONF_GetCounterBias
                0x0000000080010030       0x4c C:/devkitPro/libogc/lib/wii\libogc.a(conf.o)
                0x0000000080010030                CONF_GetCounterBias
 .text.CONF_GetDisplayOffsetH
                0x000000008001007c       0x4c C:/devkitPro/libogc/lib/wii\libogc.a(conf.o)
                0x000000008001007c                CONF_GetDisplayOffsetH
 .text.CONF_GetVideo
                0x00000000800100c8       0x98 C:/devkitPro/libogc/lib/wii\libogc.a(conf.o)
                0x00000000800100c8                CONF_GetVideo
 .text.__WII_WriteNANDBootInfo
                0x0000000080010160       0x9c C:/devkitPro/libogc/lib/wii\libogc.a(wiilaunch.o)
 .text.__WII_WriteStateFlags
                0x00000000800101fc       0xb4 C:/devkitPro/libogc/lib/wii\libogc.a(wiilaunch.o)
 .text.WII_Initialize
                0x00000000800102b0      0x178 C:/devkitPro/libogc/lib/wii\libogc.a(wiilaunch.o)
                0x00000000800102b0                WII_Initialize
 .text.WII_LaunchTitle
                0x0000000080010428      0x184 C:/devkitPro/libogc/lib/wii\libogc.a(wiilaunch.o)
                0x0000000080010428                WII_LaunchTitle
 .text.WII_ReturnToMenu
                0x00000000800105ac       0x58 C:/devkitPro/libogc/lib/wii\libogc.a(wiilaunch.o)
                0x00000000800105ac                WII_ReturnToMenu
 .text.__lwp_priority_init
                0x0000000080010604       0x24 C:/devkitPro/libogc/lib/wii\libogc.a(lwp_priority.o)
                0x0000000080010604                __lwp_priority_init
 .text.__lwp_threadqueue_enqueuefifo
                0x0000000080010628      0x144 C:/devkitPro/libogc/lib/wii\libogc.a(lwp_threadq.o)
                0x0000000080010628                __lwp_threadqueue_enqueuefifo
 .text.__lwp_threadqueue_dequeuefifo
                0x000000008001076c      0x14c C:/devkitPro/libogc/lib/wii\libogc.a(lwp_threadq.o)
                0x000000008001076c                __lwp_threadqueue_dequeuefifo
 .text.__lwp_threadqueue_enqueuepriority
                0x00000000800108b8      0x3e0 C:/devkitPro/libogc/lib/wii\libogc.a(lwp_threadq.o)
                0x00000000800108b8                __lwp_threadqueue_enqueuepriority
 .text.__lwp_threadqueue_dequeuepriority
                0x0000000080010c98      0x1d8 C:/devkitPro/libogc/lib/wii\libogc.a(lwp_threadq.o)
                0x0000000080010c98                __lwp_threadqueue_dequeuepriority
 .text.__lwp_threadqueue_init
                0x0000000080010e70       0x64 C:/devkitPro/libogc/lib/wii\libogc.a(lwp_threadq.o)
                0x0000000080010e70                __lwp_threadqueue_init
 .text.__lwp_threadqueue_enqueue
                0x0000000080010ed4      0x138 C:/devkitPro/libogc/lib/wii\libogc.a(lwp_threadq.o)
                0x0000000080010ed4                __lwp_threadqueue_enqueue
 .text.__lwp_threadqueue_dequeue
                0x000000008001100c       0x24 C:/devkitPro/libogc/lib/wii\libogc.a(lwp_threadq.o)
                0x000000008001100c                __lwp_threadqueue_dequeue
 .text.__lwp_threadqueue_flush
                0x0000000080011030       0x4c C:/devkitPro/libogc/lib/wii\libogc.a(lwp_threadq.o)
                0x0000000080011030                __lwp_threadqueue_flush
 .text.__lwp_threadqueue_extractfifo
                0x000000008001107c       0xe8 C:/devkitPro/libogc/lib/wii\libogc.a(lwp_threadq.o)
                0x000000008001107c                __lwp_threadqueue_extractfifo
 .text.__lwp_threadqueue_extractpriority
                0x0000000080011164      0x140 C:/devkitPro/libogc/lib/wii\libogc.a(lwp_threadq.o)
                0x0000000080011164                __lwp_threadqueue_extractpriority
 .text.__lwp_threadqueue_extract
                0x00000000800112a4       0x1c C:/devkitPro/libogc/lib/wii\libogc.a(lwp_threadq.o)
                0x00000000800112a4                __lwp_threadqueue_extract
 .text.__lwp_threadqueue_timeout
                0x00000000800112c0       0x88 C:/devkitPro/libogc/lib/wii\libogc.a(lwp_threadq.o)
 .text.__lwp_threadqueue_extractproxy
                0x0000000080011348       0x44 C:/devkitPro/libogc/lib/wii\libogc.a(lwp_threadq.o)
                0x0000000080011348                __lwp_threadqueue_extractproxy
 .text.__lwp_isr_in_progress
                0x000000008001138c        0x8 C:/devkitPro/libogc/lib/wii\libogc.a(lwp_threads.o)
                0x000000008001138c                __lwp_isr_in_progress
 .text.__thread_dispatch_fp
                0x0000000080011394       0x88 C:/devkitPro/libogc/lib/wii\libogc.a(lwp_threads.o)
                0x0000000080011394                __thread_dispatch_fp
 .text.__thread_dispatch
                0x000000008001141c      0x110 C:/devkitPro/libogc/lib/wii\libogc.a(lwp_threads.o)
                0x000000008001141c                __thread_dispatch
 .text.__lwp_thread_resettimeslice
                0x000000008001152c       0xec C:/devkitPro/libogc/lib/wii\libogc.a(lwp_threads.o)
                0x000000008001152c                __lwp_thread_resettimeslice
 .text.__lwp_thread_tickle_timeslice
                0x0000000080011618       0xcc C:/devkitPro/libogc/lib/wii\libogc.a(lwp_threads.o)
                0x0000000080011618                __lwp_thread_tickle_timeslice
 .text.__lwp_thread_setstate
                0x00000000800116e4      0x178 C:/devkitPro/libogc/lib/wii\libogc.a(lwp_threads.o)
                0x00000000800116e4                __lwp_thread_setstate
 .text.__lwp_thread_clearstate
                0x000000008001185c       0xe4 C:/devkitPro/libogc/lib/wii\libogc.a(lwp_threads.o)
                0x000000008001185c                __lwp_thread_clearstate
 .text.__lwp_thread_settransient
                0x0000000080011940       0xb4 C:/devkitPro/libogc/lib/wii\libogc.a(lwp_threads.o)
                0x0000000080011940                __lwp_thread_settransient
 .text.__lwp_thread_changepriority
                0x00000000800119f4      0x1f8 C:/devkitPro/libogc/lib/wii\libogc.a(lwp_threads.o)
                0x00000000800119f4                __lwp_thread_changepriority
 .text.__lwp_thread_ready
                0x0000000080011bec       0xf4 C:/devkitPro/libogc/lib/wii\libogc.a(lwp_threads.o)
                0x0000000080011bec                __lwp_thread_ready
 .text.__lwp_thread_init
                0x0000000080011ce0      0x180 C:/devkitPro/libogc/lib/wii\libogc.a(lwp_threads.o)
                0x0000000080011ce0                __lwp_thread_init
 .text.__lwp_thread_close
                0x0000000080011e60      0x130 C:/devkitPro/libogc/lib/wii\libogc.a(lwp_threads.o)
                0x0000000080011e60                __lwp_thread_close
 .text.__lwp_thread_closeall
                0x0000000080011f90       0xb8 C:/devkitPro/libogc/lib/wii\libogc.a(lwp_threads.o)
                0x0000000080011f90                __lwp_thread_closeall
 .text.__lwp_thread_exit
                0x0000000080012048       0x5c C:/devkitPro/libogc/lib/wii\libogc.a(lwp_threads.o)
                0x0000000080012048                __lwp_thread_exit
 .text.__lwp_thread_handler
                0x00000000800120a4       0xb4 C:/devkitPro/libogc/lib/wii\libogc.a(lwp_threads.o)
 .text.__lwp_thread_start
                0x0000000080012158       0xd4 C:/devkitPro/libogc/lib/wii\libogc.a(lwp_threads.o)
                0x0000000080012158                __lwp_thread_start
 .text.__lwp_thread_startmultitasking
                0x000000008001222c       0xb0 C:/devkitPro/libogc/lib/wii\libogc.a(lwp_threads.o)
                0x000000008001222c                __lwp_thread_startmultitasking
 .text.__lwp_thread_stopmultitasking
                0x00000000800122dc       0x58 C:/devkitPro/libogc/lib/wii\libogc.a(lwp_threads.o)
                0x00000000800122dc                __lwp_thread_stopmultitasking
 .text.__lwp_thread_coreinit
                0x0000000080012334       0xb0 C:/devkitPro/libogc/lib/wii\libogc.a(lwp_threads.o)
                0x0000000080012334                __lwp_thread_coreinit
 .text.idle_func
                0x00000000800123e4        0x4 C:/devkitPro/libogc/lib/wii\libogc.a(lwp.o)
 .text.__lwp_sysinit
                0x00000000800123e8      0x118 C:/devkitPro/libogc/lib/wii\libogc.a(lwp.o)
                0x00000000800123e8                __lwp_sysinit
 .text.LWP_InitQueue
                0x0000000080012500      0x150 C:/devkitPro/libogc/lib/wii\libogc.a(lwp.o)
                0x0000000080012500                LWP_InitQueue
 .text.LWP_CloseQueue
                0x0000000080012650       0xd4 C:/devkitPro/libogc/lib/wii\libogc.a(lwp.o)
                0x0000000080012650                LWP_CloseQueue
 .text.LWP_ThreadSleep
                0x0000000080012724      0x110 C:/devkitPro/libogc/lib/wii\libogc.a(lwp.o)
                0x0000000080012724                LWP_ThreadSleep
 .text.LWP_ThreadBroadcast
                0x0000000080012834       0x88 C:/devkitPro/libogc/lib/wii\libogc.a(lwp.o)
                0x0000000080012834                LWP_ThreadBroadcast
 .text.LWP_ThreadSignal
                0x00000000800128bc       0x74 C:/devkitPro/libogc/lib/wii\libogc.a(lwp.o)
                0x00000000800128bc                LWP_ThreadSignal
 .text.__lwp_stack_allocate
                0x0000000080012930       0x60 C:/devkitPro/libogc/lib/wii\libogc.a(lwp_stack.o)
                0x0000000080012930                __lwp_stack_allocate
 .text.__lwp_stack_free
                0x0000000080012990       0x1c C:/devkitPro/libogc/lib/wii\libogc.a(lwp_stack.o)
                0x0000000080012990                __lwp_stack_free
 .text.__lwp_mutex_initialize
                0x00000000800129ac       0xa4 C:/devkitPro/libogc/lib/wii\libogc.a(lwp_mutex.o)
                0x00000000800129ac                __lwp_mutex_initialize
 .text.__lwp_mutex_surrender
                0x0000000080012a50      0x174 C:/devkitPro/libogc/lib/wii\libogc.a(lwp_mutex.o)
                0x0000000080012a50                __lwp_mutex_surrender
 .text.__lwp_mutex_seize_irq_blocking
                0x0000000080012bc4      0x104 C:/devkitPro/libogc/lib/wii\libogc.a(lwp_mutex.o)
                0x0000000080012bc4                __lwp_mutex_seize_irq_blocking
 .text.__lwp_mutex_flush
                0x0000000080012cc8        0x4 C:/devkitPro/libogc/lib/wii\libogc.a(lwp_mutex.o)
                0x0000000080012cc8                __lwp_mutex_flush
 .text.__lwp_wd_settimer.isra.4
                0x0000000080012ccc       0xd8 C:/devkitPro/libogc/lib/wii\libogc.a(lwp_watchdog.o)
 .text.__lwp_watchdog_init
                0x0000000080012da4       0x2c C:/devkitPro/libogc/lib/wii\libogc.a(lwp_watchdog.o)
                0x0000000080012da4                __lwp_watchdog_init
 .text.__lwp_wd_insert
                0x0000000080012dd0      0x1e4 C:/devkitPro/libogc/lib/wii\libogc.a(lwp_watchdog.o)
                0x0000000080012dd0                __lwp_wd_insert
 .text.__lwp_wd_remove
                0x0000000080012fb4      0x144 C:/devkitPro/libogc/lib/wii\libogc.a(lwp_watchdog.o)
                0x0000000080012fb4                __lwp_wd_remove
 .text.__lwp_wd_tickle
                0x00000000800130f8      0x120 C:/devkitPro/libogc/lib/wii\libogc.a(lwp_watchdog.o)
                0x00000000800130f8                __lwp_wd_tickle
 .text.__lwp_wkspace_init
                0x0000000080013218       0xc4 C:/devkitPro/libogc/lib/wii\libogc.a(lwp_wkspace.o)
                0x0000000080013218                __lwp_wkspace_init
 .text.__lwp_objmgr_initinfo
                0x00000000800132dc      0x1a4 C:/devkitPro/libogc/lib/wii\libogc.a(lwp_objmgr.o)
                0x00000000800132dc                __lwp_objmgr_initinfo
 .text.__lwp_objmgr_getisrdisable
                0x0000000080013480       0x60 C:/devkitPro/libogc/lib/wii\libogc.a(lwp_objmgr.o)
                0x0000000080013480                __lwp_objmgr_getisrdisable
 .text.__lwp_objmgr_getnoprotection
                0x00000000800134e0       0x24 C:/devkitPro/libogc/lib/wii\libogc.a(lwp_objmgr.o)
                0x00000000800134e0                __lwp_objmgr_getnoprotection
 .text.__lwp_objmgr_get
                0x0000000080013504       0x70 C:/devkitPro/libogc/lib/wii\libogc.a(lwp_objmgr.o)
                0x0000000080013504                __lwp_objmgr_get
 .text.__lwp_objmgr_allocate
                0x0000000080013574       0x88 C:/devkitPro/libogc/lib/wii\libogc.a(lwp_objmgr.o)
                0x0000000080013574                __lwp_objmgr_allocate
 .text.__lwp_objmgr_free
                0x00000000800135fc       0x60 C:/devkitPro/libogc/lib/wii\libogc.a(lwp_objmgr.o)
                0x00000000800135fc                __lwp_objmgr_free
 .text.__lwp_heap_init
                0x000000008001365c       0xa8 C:/devkitPro/libogc/lib/wii\libogc.a(lwp_heap.o)
                0x000000008001365c                __lwp_heap_init
 .text.__lwp_heap_allocate
                0x0000000080013704      0x16c C:/devkitPro/libogc/lib/wii\libogc.a(lwp_heap.o)
                0x0000000080013704                __lwp_heap_allocate
 .text.__lwp_heap_free
                0x0000000080013870      0x188 C:/devkitPro/libogc/lib/wii\libogc.a(lwp_heap.o)
                0x0000000080013870                __lwp_heap_free
 .text.__exception_load
                0x00000000800139f8       0xa4 C:/devkitPro/libogc/lib/wii\libogc.a(exception.o)
                0x00000000800139f8                __exception_load
 .text.__systemcall_init
                0x0000000080013a9c       0x20 C:/devkitPro/libogc/lib/wii\libogc.a(exception.o)
                0x0000000080013a9c                __systemcall_init
 .text.__exception_init
                0x0000000080013abc       0xd8 C:/devkitPro/libogc/lib/wii\libogc.a(exception.o)
                0x0000000080013abc                __exception_init
 .text.__exception_close
                0x0000000080013b94       0xac C:/devkitPro/libogc/lib/wii\libogc.a(exception.o)
                0x0000000080013b94                __exception_close
 .text.__exception_closeall
                0x0000000080013c40       0x54 C:/devkitPro/libogc/lib/wii\libogc.a(exception.o)
                0x0000000080013c40                __exception_closeall
 .text.c_default_exceptionhandler
                0x0000000080013c94      0x448 C:/devkitPro/libogc/lib/wii\libogc.a(exception.o)
                0x0000000080013c94                c_default_exceptionhandler
 .text.__SetInterrupts
                0x00000000800140dc      0x298 C:/devkitPro/libogc/lib/wii\libogc.a(irq.o)
 .text.c_irqdispatcher
                0x0000000080014374      0x280 C:/devkitPro/libogc/lib/wii\libogc.a(irq.o)
                0x0000000080014374                c_irqdispatcher
 .text.__UnmaskIrq
                0x00000000800145f4       0x84 C:/devkitPro/libogc/lib/wii\libogc.a(irq.o)
                0x00000000800145f4                __UnmaskIrq
 .text.__MaskIrq
                0x0000000080014678       0x84 C:/devkitPro/libogc/lib/wii\libogc.a(irq.o)
                0x0000000080014678                __MaskIrq
 .text.__irq_init
                0x00000000800146fc       0x9c C:/devkitPro/libogc/lib/wii\libogc.a(irq.o)
                0x00000000800146fc                __irq_init
 .text.IRQ_Request
                0x0000000080014798       0x50 C:/devkitPro/libogc/lib/wii\libogc.a(irq.o)
                0x0000000080014798                IRQ_Request
 .text.IRQ_GetHandler
                0x00000000800147e8       0x44 C:/devkitPro/libogc/lib/wii\libogc.a(irq.o)
                0x00000000800147e8                IRQ_GetHandler
 .text.__lwp_sema_init
                0x000000008001482c       0x14 C:/devkitPro/libogc/lib/wii\libogc.a(semaphore.o)
                0x000000008001482c                __lwp_sema_init
 .text.SPEC0_MakeStatus
                0x0000000080014840      0x104 C:/devkitPro/libogc/lib/wii\libogc.a(pad.o)
 .text.SPEC1_MakeStatus
                0x0000000080014944      0x104 C:/devkitPro/libogc/lib/wii\libogc.a(pad.o)
 .text.SPEC2_MakeStatus
                0x0000000080014a48      0x254 C:/devkitPro/libogc/lib/wii\libogc.a(pad.o)
 .text.__pad_samplinghandler
                0x0000000080014c9c        0x4 C:/devkitPro/libogc/lib/wii\libogc.a(pad.o)
 .text.__pad_doreset
                0x0000000080014ca0       0x50 C:/devkitPro/libogc/lib/wii\libogc.a(pad.o)
 .text.__pad_updateorigin
                0x0000000080014cf0       0xa0 C:/devkitPro/libogc/lib/wii\libogc.a(pad.o)
 .text.__pad_disable
                0x0000000080014d90       0xc0 C:/devkitPro/libogc/lib/wii\libogc.a(pad.o)
 .text.__pad_enable
                0x0000000080014e50       0x5c C:/devkitPro/libogc/lib/wii\libogc.a(pad.o)
 .text.__pad_typeandstatuscallback
                0x0000000080014eac      0x164 C:/devkitPro/libogc/lib/wii\libogc.a(pad.o)
 .text.__pad_probecallback
                0x0000000080015010       0x48 C:/devkitPro/libogc/lib/wii\libogc.a(pad.o)
 .text.__pad_origincallback
                0x0000000080015058       0x38 C:/devkitPro/libogc/lib/wii\libogc.a(pad.o)
 .text.__pad_originupdatecallback
                0x0000000080015090       0x78 C:/devkitPro/libogc/lib/wii\libogc.a(pad.o)
 .text.__pad_receivecheckcallback
                0x0000000080015108       0x88 C:/devkitPro/libogc/lib/wii\libogc.a(pad.o)
 .text.PAD_SetSpec.part.3
                0x0000000080015190       0x54 C:/devkitPro/libogc/lib/wii\libogc.a(pad.o)
 .text.__pad_onreset
                0x00000000800151e4      0x108 C:/devkitPro/libogc/lib/wii\libogc.a(pad.o)
 .text.__PADDisableRecalibration
                0x00000000800152ec       0x58 C:/devkitPro/libogc/lib/wii\libogc.a(pad.o)
                0x00000000800152ec                __PADDisableRecalibration
 .text.PAD_Reset
                0x0000000080015344       0xf0 C:/devkitPro/libogc/lib/wii\libogc.a(pad.o)
                0x0000000080015344                PAD_Reset
 .text.PAD_Read
                0x0000000080015434      0x2fc C:/devkitPro/libogc/lib/wii\libogc.a(pad.o)
                0x0000000080015434                PAD_Read
 .text.PAD_Init
                0x0000000080015730       0xd0 C:/devkitPro/libogc/lib/wii\libogc.a(pad.o)
                0x0000000080015730                PAD_Init
 .text.PAD_ScanPads
                0x0000000080015800      0x154 C:/devkitPro/libogc/lib/wii\libogc.a(pad.o)
                0x0000000080015800                PAD_ScanPads
 .text.PAD_ButtonsDown
                0x0000000080015954       0x38 C:/devkitPro/libogc/lib/wii\libogc.a(pad.o)
                0x0000000080015954                PAD_ButtonsDown
 .text.__exi_irq_handler
                0x000000008001598c       0x58 C:/devkitPro/libogc/lib/wii\libogc.a(exi.o)
 .text.__ext_irq_handler
                0x00000000800159e4       0xc8 C:/devkitPro/libogc/lib/wii\libogc.a(exi.o)
 .text.__tc_irq_handler
                0x0000000080015aac      0x140 C:/devkitPro/libogc/lib/wii\libogc.a(exi.o)
 .text.__exi_probe
                0x0000000080015bec      0x1fc C:/devkitPro/libogc/lib/wii\libogc.a(exi.o)
 .text.__exi_attach
                0x0000000080015de8      0x104 C:/devkitPro/libogc/lib/wii\libogc.a(exi.o)
 .text.EXI_Lock
                0x0000000080015eec      0x218 C:/devkitPro/libogc/lib/wii\libogc.a(exi.o)
                0x0000000080015eec                EXI_Lock
 .text.EXI_Unlock
                0x0000000080016104      0x228 C:/devkitPro/libogc/lib/wii\libogc.a(exi.o)
                0x0000000080016104                EXI_Unlock
 .text.EXI_Select
                0x000000008001632c      0x248 C:/devkitPro/libogc/lib/wii\libogc.a(exi.o)
                0x000000008001632c                EXI_Select
 .text.EXI_Deselect
                0x0000000080016574      0x174 C:/devkitPro/libogc/lib/wii\libogc.a(exi.o)
                0x0000000080016574                EXI_Deselect
 .text.EXI_Sync
                0x00000000800166e8       0xd8 C:/devkitPro/libogc/lib/wii\libogc.a(exi.o)
                0x00000000800166e8                EXI_Sync
 .text.EXI_Imm  0x00000000800167c0      0x1c4 C:/devkitPro/libogc/lib/wii\libogc.a(exi.o)
                0x00000000800167c0                EXI_Imm
 .text.EXI_ImmEx
                0x0000000080016984       0xd4 C:/devkitPro/libogc/lib/wii\libogc.a(exi.o)
                0x0000000080016984                EXI_ImmEx
 .text.EXI_Dma  0x0000000080016a58      0x16c C:/devkitPro/libogc/lib/wii\libogc.a(exi.o)
                0x0000000080016a58                EXI_Dma
 .text.EXI_Detach
                0x0000000080016bc4       0xd8 C:/devkitPro/libogc/lib/wii\libogc.a(exi.o)
                0x0000000080016bc4                EXI_Detach
 .text.EXI_GetID
                0x0000000080016c9c      0x338 C:/devkitPro/libogc/lib/wii\libogc.a(exi.o)
                0x0000000080016c9c                EXI_GetID
 .text.__unlocked_handler
                0x0000000080016fd4       0x28 C:/devkitPro/libogc/lib/wii\libogc.a(exi.o)
 .text.EXI_ProbeReset
                0x0000000080016ffc       0x70 C:/devkitPro/libogc/lib/wii\libogc.a(exi.o)
                0x0000000080016ffc                EXI_ProbeReset
 .text.__exi_init
                0x000000008001706c      0x18c C:/devkitPro/libogc/lib/wii\libogc.a(exi.o)
                0x000000008001706c                __exi_init
 .text.__lwp_mutex_locksupp.constprop.8
                0x00000000800171f8      0x294 C:/devkitPro/libogc/lib/wii\libogc.a(mutex.o)
 .text.__lwp_mutex_init
                0x000000008001748c       0x14 C:/devkitPro/libogc/lib/wii\libogc.a(mutex.o)
                0x000000008001748c                __lwp_mutex_init
 .text.LWP_MutexInit
                0x00000000800174a0       0xe4 C:/devkitPro/libogc/lib/wii\libogc.a(mutex.o)
                0x00000000800174a0                LWP_MutexInit
 .text.LWP_MutexDestroy
                0x0000000080017584       0xf0 C:/devkitPro/libogc/lib/wii\libogc.a(mutex.o)
                0x0000000080017584                LWP_MutexDestroy
 .text.LWP_MutexLock
                0x0000000080017674        0x8 C:/devkitPro/libogc/lib/wii\libogc.a(mutex.o)
                0x0000000080017674                LWP_MutexLock
 .text.LWP_MutexUnlock
                0x000000008001767c       0x9c C:/devkitPro/libogc/lib/wii\libogc.a(mutex.o)
                0x000000008001767c                LWP_MutexUnlock
 .text.__GX_InitRevBits
                0x0000000080017718       0x9c C:/devkitPro/libogc/lib/wii\libogc.a(gx.o)
 .text.__GX_CleanGPFifo
                0x00000000800177b4      0x19c C:/devkitPro/libogc/lib/wii\libogc.a(gx.o)
 .text.__SetSURegs
                0x0000000080017950       0x90 C:/devkitPro/libogc/lib/wii\libogc.a(gx.o)
 .text.__GX_WaitAbort
                0x00000000800179e0       0xa0 C:/devkitPro/libogc/lib/wii\libogc.a(gx.o)
 .text.__GX_Abort
                0x0000000080017a80      0x12c C:/devkitPro/libogc/lib/wii\libogc.a(gx.o)
 .text.__GX_SetDirtyState
                0x0000000080017bac      0x5fc C:/devkitPro/libogc/lib/wii\libogc.a(gx.o)
 .text.GX_Flush
                0x00000000800181a8       0x94 C:/devkitPro/libogc/lib/wii\libogc.a(gx.o)
                0x00000000800181a8                GX_Flush
 .text.GX_AbortFrame
                0x000000008001823c       0x54 C:/devkitPro/libogc/lib/wii\libogc.a(gx.o)
                0x000000008001823c                GX_AbortFrame
 .text.number   0x0000000080018290      0x33c C:/devkitPro/libogc/lib/wii\libogc.a(kprintf.o)
 .text.kvsprintf
                0x00000000800185cc      0x760 C:/devkitPro/libogc/lib/wii\libogc.a(kprintf.o)
                0x00000000800185cc                kvsprintf
 .text.kprintf  0x0000000080018d2c       0xac C:/devkitPro/libogc/lib/wii\libogc.a(kprintf.o)
                0x0000000080018d2c                kprintf
 .text.net_wc24cleanup
                0x0000000080018dd8       0x64 C:/devkitPro/libogc/lib/wii\libogc.a(network_wii.o)
                0x0000000080018dd8                net_wc24cleanup
 .text.__lwp_queue_initialize
                0x0000000080018e3c       0x60 C:/devkitPro/libogc/lib/wii\libogc.a(lwp_queue.o)
                0x0000000080018e3c                __lwp_queue_initialize
 .text.__lwp_queue_get
                0x0000000080018e9c       0x74 C:/devkitPro/libogc/lib/wii\libogc.a(lwp_queue.o)
                0x0000000080018e9c                __lwp_queue_get
 .text.__lwp_queue_append
                0x0000000080018f10       0x4c C:/devkitPro/libogc/lib/wii\libogc.a(lwp_queue.o)
                0x0000000080018f10                __lwp_queue_append
 .text.__udivdi3
                0x0000000080018f5c      0x3bc c:/devkitpro/devkitppc/bin/../lib/gcc/powerpc-eabi/8.1.0\libgcc.a(_udivdi3.o)
                0x0000000080018f5c                __udivdi3
 .text.__umoddi3
                0x0000000080019318      0x370 c:/devkitpro/devkitppc/bin/../lib/gcc/powerpc-eabi/8.1.0\libgcc.a(_umoddi3.o)
                0x0000000080019318                __umoddi3
 .text.unlikely.abort
                0x0000000080019688       0x28 c:/devkitpro/devkitppc/bin/../lib/gcc/powerpc-eabi/8.1.0/../../../../powerpc-eabi/lib\libsysbase.a(abort.o)
                0x0000000080019688                abort
 .text.null_write
                0x00000000800196b0        0x8 c:/devkitpro/devkitppc/bin/../lib/gcc/powerpc-eabi/8.1.0/../../../../powerpc-eabi/lib\libsysbase.a(iosupport.o)
 .text.FindDevice
                0x00000000800196b8      0x130 c:/devkitpro/devkitppc/bin/../lib/gcc/powerpc-eabi/8.1.0/../../../../powerpc-eabi/lib\libsysbase.a(iosupport.o)
                0x00000000800196b8                FindDevice
 .text.RemoveDevice
                0x00000000800197e8       0x44 c:/devkitpro/devkitppc/bin/../lib/gcc/powerpc-eabi/8.1.0/../../../../powerpc-eabi/lib\libsysbase.a(iosupport.o)
                0x00000000800197e8                RemoveDevice
 .text.AddDevice
                0x000000008001982c      0x118 c:/devkitpro/devkitppc/bin/../lib/gcc/powerpc-eabi/8.1.0/../../../../powerpc-eabi/lib\libsysbase.a(iosupport.o)
                0x000000008001982c                AddDevice
 .text._exit    0x0000000080019944       0x2c c:/devkitpro/devkitppc/bin/../lib/gcc/powerpc-eabi/8.1.0/../../../../powerpc-eabi/lib\libsysbase.a(_exit.o)
                0x0000000080019944                _exit
 .text.build_argv
                0x0000000080019970       0xa4 c:/devkitpro/devkitppc/bin/../lib/gcc/powerpc-eabi/8.1.0/../../../../powerpc-eabi/lib\libsysbase.a(build_argv.o)
                0x0000000080019970                build_argv
 .text.__libc_lock_init
                0x0000000080019a14       0x20 c:/devkitpro/devkitppc/bin/../lib/gcc/powerpc-eabi/8.1.0/../../../../powerpc-eabi/lib\libsysbase.a(syscall_support.o)
                0x0000000080019a14                __libc_lock_init
 .text.__libc_lock_close
                0x0000000080019a34       0x20 c:/devkitpro/devkitppc/bin/../lib/gcc/powerpc-eabi/8.1.0/../../../../powerpc-eabi/lib\libsysbase.a(syscall_support.o)
                0x0000000080019a34                __libc_lock_close
 .text.__libc_lock_release
                0x0000000080019a54       0x20 c:/devkitpro/devkitppc/bin/../lib/gcc/powerpc-eabi/8.1.0/../../../../powerpc-eabi/lib\libsysbase.a(syscall_support.o)
                0x0000000080019a54                __libc_lock_release
 .text.__libc_lock_acquire
                0x0000000080019a74       0x20 c:/devkitpro/devkitppc/bin/../lib/gcc/powerpc-eabi/8.1.0/../../../../powerpc-eabi/lib\libsysbase.a(syscall_support.o)
                0x0000000080019a74                __libc_lock_acquire
 .text.__malloc_lock
                0x0000000080019a94       0x18 c:/devkitpro/devkitppc/bin/../lib/gcc/powerpc-eabi/8.1.0/../../../../powerpc-eabi/lib\libsysbase.a(syscall_support.o)
                0x0000000080019a94                __malloc_lock
 .text.__malloc_unlock
                0x0000000080019aac       0x18 c:/devkitpro/devkitppc/bin/../lib/gcc/powerpc-eabi/8.1.0/../../../../powerpc-eabi/lib\libsysbase.a(syscall_support.o)
                0x0000000080019aac                __malloc_unlock
 .text.calloc   0x0000000080019ac4       0x14 c:/devkitpro/devkitppc/bin/../lib/gcc/powerpc-eabi/8.1.0/../../../../powerpc-eabi/lib\libc.a(lib_a-calloc.o)
                0x0000000080019ac4                calloc
 .text._calloc_r
                0x0000000080019ad8       0xc4 c:/devkitpro/devkitppc/bin/../lib/gcc/powerpc-eabi/8.1.0/../../../../powerpc-eabi/lib\libc.a(lib_a-callocr.o)
                0x0000000080019ad8                _calloc_r
 .text.exit     0x0000000080019b9c       0x40 c:/devkitpro/devkitppc/bin/../lib/gcc/powerpc-eabi/8.1.0/../../../../powerpc-eabi/lib\libc.a(lib_a-exit.o)
                0x0000000080019b9c                exit
 .text._malloc_trim_r
                0x0000000080019bdc      0x138 c:/devkitpro/devkitppc/bin/../lib/gcc/powerpc-eabi/8.1.0/../../../../powerpc-eabi/lib\libc.a(lib_a-freer.o)
                0x0000000080019bdc                _malloc_trim_r
 .text._free_r  0x0000000080019d14      0x32c c:/devkitpro/devkitppc/bin/../lib/gcc/powerpc-eabi/8.1.0/../../../../powerpc-eabi/lib\libc.a(lib_a-freer.o)
                0x0000000080019d14                _free_r
 .text.__locale_mb_cur_max
                0x000000008001a040       0x2c c:/devkitpro/devkitppc/bin/../lib/gcc/powerpc-eabi/8.1.0/../../../../powerpc-eabi/lib\libc.a(lib_a-locale.o)
                0x000000008001a040                __locale_mb_cur_max
 .text.__locale_ctype_ptr_l
                0x000000008001a06c        0x8 c:/devkitpro/devkitppc/bin/../lib/gcc/powerpc-eabi/8.1.0/../../../../powerpc-eabi/lib\libc.a(lib_a-locale.o)
                0x000000008001a06c                __locale_ctype_ptr_l
 .text.__locale_ctype_ptr
                0x000000008001a074       0x2c c:/devkitpro/devkitppc/bin/../lib/gcc/powerpc-eabi/8.1.0/../../../../powerpc-eabi/lib\libc.a(lib_a-locale.o)
                0x000000008001a074                __locale_ctype_ptr
 .text.memalign
                0x000000008001a0a0       0x14 c:/devkitpro/devkitppc/bin/../lib/gcc/powerpc-eabi/8.1.0/../../../../powerpc-eabi/lib\libc.a(lib_a-malign.o)
                0x000000008001a0a0                memalign
 .text._memalign_r
                0x000000008001a0b4      0x1b4 c:/devkitpro/devkitppc/bin/../lib/gcc/powerpc-eabi/8.1.0/../../../../powerpc-eabi/lib\libc.a(lib_a-malignr.o)
                0x000000008001a0b4                _memalign_r
 .text.malloc   0x000000008001a268       0x10 c:/devkitpro/devkitppc/bin/../lib/gcc/powerpc-eabi/8.1.0/../../../../powerpc-eabi/lib\libc.a(lib_a-malloc.o)
                0x000000008001a268                malloc
 .text.free     0x000000008001a278       0x10 c:/devkitpro/devkitppc/bin/../lib/gcc/powerpc-eabi/8.1.0/../../../../powerpc-eabi/lib\libc.a(lib_a-malloc.o)
                0x000000008001a278                free
 .text._malloc_r
                0x000000008001a288      0x8ac c:/devkitpro/devkitppc/bin/../lib/gcc/powerpc-eabi/8.1.0/../../../../powerpc-eabi/lib\libc.a(lib_a-mallocr.o)
                0x000000008001a288                _malloc_r
 .text.__utf8_mbtowc
                0x000000008001ab34      0x5dc c:/devkitpro/devkitppc/bin/../lib/gcc/powerpc-eabi/8.1.0/../../../../powerpc-eabi/lib\libc.a(lib_a-mbtowc_r.o)
                0x000000008001ab34                __utf8_mbtowc
 .text.memcmp   0x000000008001b110       0x94 c:/devkitpro/devkitppc/bin/../lib/gcc/powerpc-eabi/8.1.0/../../../../powerpc-eabi/lib\libc.a(lib_a-memcmp.o)
                0x000000008001b110                memcmp
 .text.memcpy   0x000000008001b1a4      0x100 c:/devkitpro/devkitppc/bin/../lib/gcc/powerpc-eabi/8.1.0/../../../../powerpc-eabi/lib\libc.a(lib_a-memcpy.o)
                0x000000008001b1a4                memcpy
 .text.memmove  0x000000008001b2a4      0x138 c:/devkitpro/devkitppc/bin/../lib/gcc/powerpc-eabi/8.1.0/../../../../powerpc-eabi/lib\libc.a(lib_a-memmove.o)
                0x000000008001b2a4                memmove
 .text.memset   0x000000008001b3dc      0x104 c:/devkitpro/devkitppc/bin/../lib/gcc/powerpc-eabi/8.1.0/../../../../powerpc-eabi/lib\libc.a(lib_a-memset.o)
                0x000000008001b3dc                memset
 .text.printf   0x000000008001b4e0       0x94 c:/devkitpro/devkitppc/bin/../lib/gcc/powerpc-eabi/8.1.0/../../../../powerpc-eabi/lib\libc.a(lib_a-printf.o)
                0x000000008001b4e0                printf
 .text.cleanup_glue
                0x000000008001b574       0x4c c:/devkitpro/devkitppc/bin/../lib/gcc/powerpc-eabi/8.1.0/../../../../powerpc-eabi/lib\libc.a(lib_a-reent.o)
                0x000000008001b574                cleanup_glue
 .text._reclaim_reent
                0x000000008001b5c0      0x138 c:/devkitpro/devkitppc/bin/../lib/gcc/powerpc-eabi/8.1.0/../../../../powerpc-eabi/lib\libc.a(lib_a-reent.o)
                0x000000008001b5c0                _reclaim_reent
 .text.setvbuf  0x000000008001b6f8      0x2f8 c:/devkitpro/devkitppc/bin/../lib/gcc/powerpc-eabi/8.1.0/../../../../powerpc-eabi/lib\libc.a(lib_a-setvbuf.o)
                0x000000008001b6f8                setvbuf
 .text.strchr   0x000000008001b9f0      0x160 c:/devkitpro/devkitppc/bin/../lib/gcc/powerpc-eabi/8.1.0/../../../../powerpc-eabi/lib\libc.a(lib_a-strchr.o)
                0x000000008001b9f0                strchr
 .text.strcmp   0x000000008001bb50       0xa8 c:/devkitpro/devkitppc/bin/../lib/gcc/powerpc-eabi/8.1.0/../../../../powerpc-eabi/lib\libc.a(lib_a-strcmp.o)
                0x000000008001bb50                strcmp
 .text.strlen   0x000000008001bbf8       0x8c c:/devkitpro/devkitppc/bin/../lib/gcc/powerpc-eabi/8.1.0/../../../../powerpc-eabi/lib\libc.a(lib_a-strlen.o)
                0x000000008001bbf8                strlen
 .text.strncmp  0x000000008001bc84      0x10c c:/devkitpro/devkitppc/bin/../lib/gcc/powerpc-eabi/8.1.0/../../../../powerpc-eabi/lib\libc.a(lib_a-strncmp.o)
                0x000000008001bc84                strncmp
 .text.strnlen  0x000000008001bd90       0x50 c:/devkitpro/devkitppc/bin/../lib/gcc/powerpc-eabi/8.1.0/../../../../powerpc-eabi/lib\libc.a(lib_a-strnlen.o)
                0x000000008001bd90                strnlen
 .text._strtoull_l.isra.0
                0x000000008001bde0      0x338 c:/devkitpro/devkitppc/bin/../lib/gcc/powerpc-eabi/8.1.0/../../../../powerpc-eabi/lib\libc.a(lib_a-strtoull.o)
 .text._strtoull_r
                0x000000008001c118       0x24 c:/devkitpro/devkitppc/bin/../lib/gcc/powerpc-eabi/8.1.0/../../../../powerpc-eabi/lib\libc.a(lib_a-strtoull.o)
                0x000000008001c118                _strtoull_r
 .text._strtoul_l.isra.0
                0x000000008001c13c      0x268 c:/devkitpro/devkitppc/bin/../lib/gcc/powerpc-eabi/8.1.0/../../../../powerpc-eabi/lib\libc.a(lib_a-strtoul.o)
 .text._strtoul_r
                0x000000008001c3a4       0x24 c:/devkitpro/devkitppc/bin/../lib/gcc/powerpc-eabi/8.1.0/../../../../powerpc-eabi/lib\libc.a(lib_a-strtoul.o)
                0x000000008001c3a4                _strtoul_r
 .text.write    0x000000008001c3c8       0x18 c:/devkitpro/devkitppc/bin/../lib/gcc/powerpc-eabi/8.1.0/../../../../powerpc-eabi/lib\libc.a(lib_a-syswrite.o)
                0x000000008001c3c8                write
 .text._vfprintf_r
                0x000000008001c3e0     0x2468 c:/devkitpro/devkitppc/bin/../lib/gcc/powerpc-eabi/8.1.0/../../../../powerpc-eabi/lib\libc.a(lib_a-vfprintf.o)
                0x000000008001c3e0                _vfprintf_r
 .text.__sbprintf
                0x000000008001e848       0xf8 c:/devkitpro/devkitppc/bin/../lib/gcc/powerpc-eabi/8.1.0/../../../../powerpc-eabi/lib\libc.a(lib_a-vfprintf.o)
 .text._wcrtomb_r
                0x000000008001e940       0xe4 c:/devkitpro/devkitppc/bin/../lib/gcc/powerpc-eabi/8.1.0/../../../../powerpc-eabi/lib\libc.a(lib_a-wcrtomb.o)
                0x000000008001e940                _wcrtomb_r
 .text._wcsrtombs_r
                0x000000008001ea24       0x10 c:/devkitpro/devkitppc/bin/../lib/gcc/powerpc-eabi/8.1.0/../../../../powerpc-eabi/lib\libc.a(lib_a-wcsrtombs.o)
                0x000000008001ea24                _wcsrtombs_r
 .text.__utf8_wctomb
                0x000000008001ea34      0x118 c:/devkitpro/devkitppc/bin/../lib/gcc/powerpc-eabi/8.1.0/../../../../powerpc-eabi/lib\libc.a(lib_a-wctomb_r.o)
                0x000000008001ea34                __utf8_wctomb
 .text.__swsetup_r
                0x000000008001eb4c      0x1b8 c:/devkitpro/devkitppc/bin/../lib/gcc/powerpc-eabi/8.1.0/../../../../powerpc-eabi/lib\libc.a(lib_a-wsetup.o)
                0x000000008001eb4c                __swsetup_r
 .text.__call_exitprocs
                0x000000008001ed04      0x1fc c:/devkitpro/devkitppc/bin/../lib/gcc/powerpc-eabi/8.1.0/../../../../powerpc-eabi/lib\libc.a(lib_a-__call_atexit.o)
                0x000000008001ed04                __call_exitprocs
 .text.quorem   0x000000008001ef00      0x240 c:/devkitpro/devkitppc/bin/../lib/gcc/powerpc-eabi/8.1.0/../../../../powerpc-eabi/lib\libc.a(lib_a-dtoa.o)
 .text._dtoa_r  0x000000008001f140     0x1338 c:/devkitpro/devkitppc/bin/../lib/gcc/powerpc-eabi/8.1.0/../../../../powerpc-eabi/lib\libc.a(lib_a-dtoa.o)
                0x000000008001f140                _dtoa_r
 .text.__sflush_r
                0x0000000080020478      0x344 c:/devkitpro/devkitppc/bin/../lib/gcc/powerpc-eabi/8.1.0/../../../../powerpc-eabi/lib\libc.a(lib_a-fflush.o)
                0x0000000080020478                __sflush_r
 .text._fflush_r
                0x00000000800207bc      0x108 c:/devkitpro/devkitppc/bin/../lib/gcc/powerpc-eabi/8.1.0/../../../../powerpc-eabi/lib\libc.a(lib_a-fflush.o)
                0x00000000800207bc                _fflush_r
 .text.std      0x00000000800208c4       0x9c c:/devkitpro/devkitppc/bin/../lib/gcc/powerpc-eabi/8.1.0/../../../../powerpc-eabi/lib\libc.a(lib_a-findfp.o)
 .text._cleanup_r
                0x0000000080020960        0xc c:/devkitpro/devkitppc/bin/../lib/gcc/powerpc-eabi/8.1.0/../../../../powerpc-eabi/lib\libc.a(lib_a-findfp.o)
                0x0000000080020960                _cleanup_r
 .text.__sfp_lock_acquire
                0x000000008002096c       0x58 c:/devkitpro/devkitppc/bin/../lib/gcc/powerpc-eabi/8.1.0/../../../../powerpc-eabi/lib\libc.a(lib_a-findfp.o)
                0x000000008002096c                __sfp_lock_acquire
 .text.__sfp_lock_release
                0x00000000800209c4        0xc c:/devkitpro/devkitppc/bin/../lib/gcc/powerpc-eabi/8.1.0/../../../../powerpc-eabi/lib\libc.a(lib_a-findfp.o)
                0x00000000800209c4                __sfp_lock_release
 .text.__sinit_lock_acquire
                0x00000000800209d0       0x58 c:/devkitpro/devkitppc/bin/../lib/gcc/powerpc-eabi/8.1.0/../../../../powerpc-eabi/lib\libc.a(lib_a-findfp.o)
                0x00000000800209d0                __sinit_lock_acquire
 .text.__sinit  0x0000000080020a28       0x98 c:/devkitpro/devkitppc/bin/../lib/gcc/powerpc-eabi/8.1.0/../../../../powerpc-eabi/lib\libc.a(lib_a-findfp.o)
                0x0000000080020a28                __sinit
 .text.__sfvwrite_r
                0x0000000080020ac0      0x5b8 c:/devkitpro/devkitppc/bin/../lib/gcc/powerpc-eabi/8.1.0/../../../../powerpc-eabi/lib\libc.a(lib_a-fvwrite.o)
                0x0000000080020ac0                __sfvwrite_r
 .text._fwalk_reent
                0x0000000080021078       0xd4 c:/devkitpro/devkitppc/bin/../lib/gcc/powerpc-eabi/8.1.0/../../../../powerpc-eabi/lib\libc.a(lib_a-fwalk.o)
                0x0000000080021078                _fwalk_reent
 .text._localeconv_r
                0x000000008002114c       0x2c c:/devkitpro/devkitppc/bin/../lib/gcc/powerpc-eabi/8.1.0/../../../../powerpc-eabi/lib\libc.a(lib_a-localeconv.o)
                0x000000008002114c                _localeconv_r
 .text.__swhatbuf_r
                0x0000000080021178       0xdc c:/devkitpro/devkitppc/bin/../lib/gcc/powerpc-eabi/8.1.0/../../../../powerpc-eabi/lib\libc.a(lib_a-makebuf.o)
                0x0000000080021178                __swhatbuf_r
 .text.__smakebuf_r
                0x0000000080021254      0x150 c:/devkitpro/devkitppc/bin/../lib/gcc/powerpc-eabi/8.1.0/../../../../powerpc-eabi/lib\libc.a(lib_a-makebuf.o)
                0x0000000080021254                __smakebuf_r
 .text.memchr   0x00000000800213a4       0xec c:/devkitpro/devkitppc/bin/../lib/gcc/powerpc-eabi/8.1.0/../../../../powerpc-eabi/lib\libc.a(lib_a-memchr.o)
                0x00000000800213a4                memchr
 .text._Balloc  0x0000000080021490       0xe0 c:/devkitpro/devkitppc/bin/../lib/gcc/powerpc-eabi/8.1.0/../../../../powerpc-eabi/lib\libc.a(lib_a-mprec.o)
                0x0000000080021490                _Balloc
 .text._Bfree   0x0000000080021570       0x24 c:/devkitpro/devkitppc/bin/../lib/gcc/powerpc-eabi/8.1.0/../../../../powerpc-eabi/lib\libc.a(lib_a-mprec.o)
                0x0000000080021570                _Bfree
 .text.__multadd
                0x0000000080021594      0x138 c:/devkitpro/devkitppc/bin/../lib/gcc/powerpc-eabi/8.1.0/../../../../powerpc-eabi/lib\libc.a(lib_a-mprec.o)
                0x0000000080021594                __multadd
 .text.__hi0bits
                0x00000000800216cc       0x6c c:/devkitpro/devkitppc/bin/../lib/gcc/powerpc-eabi/8.1.0/../../../../powerpc-eabi/lib\libc.a(lib_a-mprec.o)
                0x00000000800216cc                __hi0bits
 .text.__lo0bits
                0x0000000080021738       0xbc c:/devkitpro/devkitppc/bin/../lib/gcc/powerpc-eabi/8.1.0/../../../../powerpc-eabi/lib\libc.a(lib_a-mprec.o)
                0x0000000080021738                __lo0bits
 .text.__i2b    0x00000000800217f4       0x3c c:/devkitpro/devkitppc/bin/../lib/gcc/powerpc-eabi/8.1.0/../../../../powerpc-eabi/lib\libc.a(lib_a-mprec.o)
                0x00000000800217f4                __i2b
 .text.__multiply
                0x0000000080021830      0x248 c:/devkitpro/devkitppc/bin/../lib/gcc/powerpc-eabi/8.1.0/../../../../powerpc-eabi/lib\libc.a(lib_a-mprec.o)
                0x0000000080021830                __multiply
 .text.__pow5mult
                0x0000000080021a78      0x16c c:/devkitpro/devkitppc/bin/../lib/gcc/powerpc-eabi/8.1.0/../../../../powerpc-eabi/lib\libc.a(lib_a-mprec.o)
                0x0000000080021a78                __pow5mult
 .text.__lshift
                0x0000000080021be4      0x15c c:/devkitpro/devkitppc/bin/../lib/gcc/powerpc-eabi/8.1.0/../../../../powerpc-eabi/lib\libc.a(lib_a-mprec.o)
                0x0000000080021be4                __lshift
 .text.__mcmp   0x0000000080021d40       0x58 c:/devkitpro/devkitppc/bin/../lib/gcc/powerpc-eabi/8.1.0/../../../../powerpc-eabi/lib\libc.a(lib_a-mprec.o)
                0x0000000080021d40                __mcmp
 .text.__mdiff  0x0000000080021d98      0x1f0 c:/devkitpro/devkitppc/bin/../lib/gcc/powerpc-eabi/8.1.0/../../../../powerpc-eabi/lib\libc.a(lib_a-mprec.o)
                0x0000000080021d98                __mdiff
 .text.__d2b    0x0000000080021f88      0x18c c:/devkitpro/devkitppc/bin/../lib/gcc/powerpc-eabi/8.1.0/../../../../powerpc-eabi/lib\libc.a(lib_a-mprec.o)
                0x0000000080021f88                __d2b
 .text._realloc_r
                0x0000000080022114      0x618 c:/devkitpro/devkitppc/bin/../lib/gcc/powerpc-eabi/8.1.0/../../../../powerpc-eabi/lib\libc.a(lib_a-reallocr.o)
                0x0000000080022114                _realloc_r
 .text.__sread  0x000000008002272c       0x74 c:/devkitpro/devkitppc/bin/../lib/gcc/powerpc-eabi/8.1.0/../../../../powerpc-eabi/lib\libc.a(lib_a-stdio.o)
                0x000000008002272c                __sread
 .text.__swrite
                0x00000000800227a0       0xb8 c:/devkitpro/devkitppc/bin/../lib/gcc/powerpc-eabi/8.1.0/../../../../powerpc-eabi/lib\libc.a(lib_a-stdio.o)
                0x00000000800227a0                __swrite
 .text.__sseek  0x0000000080022858       0x70 c:/devkitpro/devkitppc/bin/../lib/gcc/powerpc-eabi/8.1.0/../../../../powerpc-eabi/lib\libc.a(lib_a-stdio.o)
                0x0000000080022858                __sseek
 .text.__sclose
                0x00000000800228c8        0x8 c:/devkitpro/devkitppc/bin/../lib/gcc/powerpc-eabi/8.1.0/../../../../powerpc-eabi/lib\libc.a(lib_a-stdio.o)
                0x00000000800228c8                __sclose
 .text.__sprint_r.part.0
                0x00000000800228d0      0x148 c:/devkitpro/devkitppc/bin/../lib/gcc/powerpc-eabi/8.1.0/../../../../powerpc-eabi/lib\libc.a(lib_a-vfiprintf.o)
 .text.__sprint_r
                0x0000000080022a18       0x1c c:/devkitpro/devkitppc/bin/../lib/gcc/powerpc-eabi/8.1.0/../../../../powerpc-eabi/lib\libc.a(lib_a-vfiprintf.o)
                0x0000000080022a18                __sprint_r
 .text._wcsnrtombs_l
                0x0000000080022a34      0x1e4 c:/devkitpro/devkitppc/bin/../lib/gcc/powerpc-eabi/8.1.0/../../../../powerpc-eabi/lib\libc.a(lib_a-wcsnrtombs.o)
                0x0000000080022a34                _wcsnrtombs_l
 .text._wcsnrtombs_r
                0x0000000080022c18       0x24 c:/devkitpro/devkitppc/bin/../lib/gcc/powerpc-eabi/8.1.0/../../../../powerpc-eabi/lib\libc.a(lib_a-wcsnrtombs.o)
                0x0000000080022c18                _wcsnrtombs_r
 .text._fclose_r
                0x0000000080022c3c      0x1fc c:/devkitpro/devkitppc/bin/../lib/gcc/powerpc-eabi/8.1.0/../../../../powerpc-eabi/lib\libc.a(lib_a-fclose.o)
                0x0000000080022c3c                _fclose_r
 .text.__fputwc
                0x0000000080022e38      0x184 c:/devkitpro/devkitppc/bin/../lib/gcc/powerpc-eabi/8.1.0/../../../../powerpc-eabi/lib\libc.a(lib_a-fputwc.o)
                0x0000000080022e38                __fputwc
 .text._fputwc_r
                0x0000000080022fbc       0xe0 c:/devkitpro/devkitppc/bin/../lib/gcc/powerpc-eabi/8.1.0/../../../../powerpc-eabi/lib\libc.a(lib_a-fputwc.o)
                0x0000000080022fbc                _fputwc_r
 .text.__swbuf_r
                0x000000008002309c      0x1c4 c:/devkitpro/devkitppc/bin/../lib/gcc/powerpc-eabi/8.1.0/../../../../powerpc-eabi/lib\libc.a(lib_a-wbuf.o)
                0x000000008002309c                __swbuf_r
 .text._close_r
                0x0000000080023260       0xec c:/devkitpro/devkitppc/bin/../lib/gcc/powerpc-eabi/8.1.0/../../../../powerpc-eabi/lib\libsysbase.a(close.o)
                0x0000000080023260                _close_r
 .text._fstat_r
                0x000000008002334c       0xb0 c:/devkitpro/devkitppc/bin/../lib/gcc/powerpc-eabi/8.1.0/../../../../powerpc-eabi/lib\libsysbase.a(fstat.o)
                0x000000008002334c                _fstat_r
 .text._isatty_r
                0x00000000800233fc        0x8 c:/devkitpro/devkitppc/bin/../lib/gcc/powerpc-eabi/8.1.0/../../../../powerpc-eabi/lib\libsysbase.a(isatty.o)
                0x00000000800233fc                _isatty_r
 .text._lseek_r
                0x0000000080023404       0xe0 c:/devkitpro/devkitppc/bin/../lib/gcc/powerpc-eabi/8.1.0/../../../../powerpc-eabi/lib\libsysbase.a(lseek.o)
                0x0000000080023404                _lseek_r